../Drivers/BSP/STM324xG_EVAL/stm324xg_eval_camera.c:89:9:BSP_CAMERA_Init	24	static
../Drivers/BSP/STM324xG_EVAL/stm324xg_eval_camera.c:132:6:BSP_CAMERA_ContinuousStart	24	static
../Drivers/BSP/STM324xG_EVAL/stm324xg_eval_camera.c:142:6:BSP_CAMERA_SnapshotStart	24	static
../Drivers/BSP/STM324xG_EVAL/stm324xg_eval_camera.c:151:6:BSP_CAMERA_Suspend	8	static
../Drivers/BSP/STM324xG_EVAL/stm324xg_eval_camera.c:160:6:BSP_CAMERA_Resume	8	static
../Drivers/BSP/STM324xG_EVAL/stm324xg_eval_camera.c:170:9:BSP_CAMERA_Stop	16	static
../Drivers/BSP/STM324xG_EVAL/stm324xg_eval_camera.c:204:6:BSP_CAMERA_ContrastBrightnessConfig	24	static
../Drivers/BSP/STM324xG_EVAL/stm324xg_eval_camera.c:221:6:BSP_CAMERA_BlackWhiteConfig	24	static
../Drivers/BSP/STM324xG_EVAL/stm324xg_eval_camera.c:238:6:BSP_CAMERA_ColorEffectConfig	24	static
../Drivers/BSP/STM324xG_EVAL/stm324xg_eval_camera.c:249:6:BSP_CAMERA_IRQHandler	8	static
../Drivers/BSP/STM324xG_EVAL/stm324xg_eval_camera.c:257:6:BSP_CAMERA_DMA_IRQHandler	8	static
../Drivers/BSP/STM324xG_EVAL/stm324xg_eval_camera.c:267:17:GetSize	24	static
../Drivers/BSP/STM324xG_EVAL/stm324xg_eval_camera.c:296:13:BSP_CAMERA_MspInit	56	static
../Drivers/BSP/STM324xG_EVAL/stm324xg_eval_camera.c:376:6:HAL_DCMI_LineEventCallback	16	static
../Drivers/BSP/STM324xG_EVAL/stm324xg_eval_camera.c:384:13:BSP_CAMERA_LineEventCallback	4	static
../Drivers/BSP/STM324xG_EVAL/stm324xg_eval_camera.c:395:6:HAL_DCMI_VsyncEventCallback	16	static
../Drivers/BSP/STM324xG_EVAL/stm324xg_eval_camera.c:403:13:BSP_CAMERA_VsyncEventCallback	4	static
../Drivers/BSP/STM324xG_EVAL/stm324xg_eval_camera.c:414:6:HAL_DCMI_FrameEventCallback	16	static
../Drivers/BSP/STM324xG_EVAL/stm324xg_eval_camera.c:422:13:BSP_CAMERA_FrameEventCallback	4	static
../Drivers/BSP/STM324xG_EVAL/stm324xg_eval_camera.c:433:6:HAL_DCMI_ErrorCallback	16	static
../Drivers/BSP/STM324xG_EVAL/stm324xg_eval_camera.c:441:13:BSP_CAMERA_ErrorCallback	4	static
