../Drivers/BSP/STM324xG_EVAL/stm324xg_eval.c:191:10:BSP_GetVersion	4	static
../Drivers/BSP/STM324xG_EVAL/stm324xg_eval.c:205:6:BSP_LED_Init	56	static
../Drivers/BSP/STM324xG_EVAL/stm324xg_eval.c:230:6:BSP_LED_On	16	static
../Drivers/BSP/STM324xG_EVAL/stm324xg_eval.c:244:6:BSP_LED_Off	16	static
../Drivers/BSP/STM324xG_EVAL/stm324xg_eval.c:258:6:BSP_LED_Toggle	16	static
../Drivers/BSP/STM324xG_EVAL/stm324xg_eval.c:281:6:BSP_PB_Init	48	static
../Drivers/BSP/STM324xG_EVAL/stm324xg_eval.c:337:10:BSP_PB_GetState	16	static
../Drivers/BSP/STM324xG_EVAL/stm324xg_eval.c:351:6:BSP_COM_Init	48	static
../Drivers/BSP/STM324xG_EVAL/stm324xg_eval.c:390:9:BSP_JOY_Init	24	static
../Drivers/BSP/STM324xG_EVAL/stm324xg_eval.c:418:18:BSP_JOY_GetState	16	static
../Drivers/BSP/STM324xG_EVAL/stm324xg_eval.c:465:13:I2Cx_MspInit	40	static
../Drivers/BSP/STM324xG_EVAL/stm324xg_eval.c:507:13:I2Cx_Init	8	static
../Drivers/BSP/STM324xG_EVAL/stm324xg_eval.c:530:13:I2Cx_ITConfig	40	static
../Drivers/BSP/STM324xG_EVAL/stm324xg_eval.c:561:16:I2Cx_Read	40	static
../Drivers/BSP/STM324xG_EVAL/stm324xg_eval.c:584:13:I2Cx_Write	40	static
../Drivers/BSP/STM324xG_EVAL/stm324xg_eval.c:607:26:I2Cx_ReadMultiple	48	static
../Drivers/BSP/STM324xG_EVAL/stm324xg_eval.c:631:26:I2Cx_WriteMultiple	48	static
../Drivers/BSP/STM324xG_EVAL/stm324xg_eval.c:653:26:I2Cx_IsDeviceReady	16	static
../Drivers/BSP/STM324xG_EVAL/stm324xg_eval.c:662:13:I2Cx_Error	16	static
../Drivers/BSP/STM324xG_EVAL/stm324xg_eval.c:675:13:FSMC_BANK3_MspInit	48	static
../Drivers/BSP/STM324xG_EVAL/stm324xg_eval.c:722:13:FSMC_BANK3_Init	120	static
../Drivers/BSP/STM324xG_EVAL/stm324xg_eval.c:764:13:FSMC_BANK3_WriteData	16	static
../Drivers/BSP/STM324xG_EVAL/stm324xg_eval.c:774:13:FSMC_BANK3_WriteReg	16	static
../Drivers/BSP/STM324xG_EVAL/stm324xg_eval.c:784:17:FSMC_BANK3_ReadData	4	static
../Drivers/BSP/STM324xG_EVAL/stm324xg_eval.c:798:6:IOE_Init	8	static
../Drivers/BSP/STM324xG_EVAL/stm324xg_eval.c:806:6:IOE_ITConfig	8	static
../Drivers/BSP/STM324xG_EVAL/stm324xg_eval.c:817:6:IOE_Write	16	static
../Drivers/BSP/STM324xG_EVAL/stm324xg_eval.c:828:9:IOE_Read	16	static
../Drivers/BSP/STM324xG_EVAL/stm324xg_eval.c:841:10:IOE_ReadMultiple	24	static
../Drivers/BSP/STM324xG_EVAL/stm324xg_eval.c:850:6:IOE_Delay	16	static
../Drivers/BSP/STM324xG_EVAL/stm324xg_eval.c:860:6:LCD_IO_Init	8	static
../Drivers/BSP/STM324xG_EVAL/stm324xg_eval.c:873:6:LCD_IO_WriteData	16	static
../Drivers/BSP/STM324xG_EVAL/stm324xg_eval.c:884:6:LCD_IO_WriteMultipleData	24	static
../Drivers/BSP/STM324xG_EVAL/stm324xg_eval.c:901:6:LCD_IO_WriteReg	16	static
../Drivers/BSP/STM324xG_EVAL/stm324xg_eval.c:912:10:LCD_IO_ReadData	16	static
../Drivers/BSP/STM324xG_EVAL/stm324xg_eval.c:924:6:AUDIO_IO_Init	8	static
../Drivers/BSP/STM324xG_EVAL/stm324xg_eval.c:933:6:AUDIO_IO_DeInit	4	static
../Drivers/BSP/STM324xG_EVAL/stm324xg_eval.c:944:6:AUDIO_IO_Write	16	static
../Drivers/BSP/STM324xG_EVAL/stm324xg_eval.c:955:9:AUDIO_IO_Read	16	static
../Drivers/BSP/STM324xG_EVAL/stm324xg_eval.c:965:6:CAMERA_IO_Init	8	static
../Drivers/BSP/STM324xG_EVAL/stm324xg_eval.c:976:6:CAMERA_IO_Write	16	static
../Drivers/BSP/STM324xG_EVAL/stm324xg_eval.c:987:9:CAMERA_IO_Read	16	static
../Drivers/BSP/STM324xG_EVAL/stm324xg_eval.c:996:6:CAMERA_Delay	16	static
../Drivers/BSP/STM324xG_EVAL/stm324xg_eval.c:1006:6:EEPROM_IO_Init	8	static
../Drivers/BSP/STM324xG_EVAL/stm324xg_eval.c:1019:19:EEPROM_IO_WriteData	32	static
../Drivers/BSP/STM324xG_EVAL/stm324xg_eval.c:1032:19:EEPROM_IO_ReadData	32	static
../Drivers/BSP/STM324xG_EVAL/stm324xg_eval.c:1044:19:EEPROM_IO_IsDeviceReady	16	static
