../Drivers/BSP/STM324xG_EVAL/stm324xg_eval_lcd.c:110:9:BSP_LCD_Init	16	static
../Drivers/BSP/STM324xG_EVAL/stm324xg_eval_lcd.c:139:10:BSP_LCD_GetXSize	8	static
../Drivers/BSP/STM324xG_EVAL/stm324xg_eval_lcd.c:148:10:BSP_LCD_GetYSize	8	static
../Drivers/BSP/STM324xG_EVAL/stm324xg_eval_lcd.c:157:10:BSP_LCD_GetTextColor	4	static
../Drivers/BSP/STM324xG_EVAL/stm324xg_eval_lcd.c:166:10:BSP_LCD_GetBackColor	4	static
../Drivers/BSP/STM324xG_EVAL/stm324xg_eval_lcd.c:175:6:BSP_LCD_SetTextColor	16	static
../Drivers/BSP/STM324xG_EVAL/stm324xg_eval_lcd.c:184:6:BSP_LCD_SetBackColor	16	static
../Drivers/BSP/STM324xG_EVAL/stm324xg_eval_lcd.c:193:6:BSP_LCD_SetFont	16	static
../Drivers/BSP/STM324xG_EVAL/stm324xg_eval_lcd.c:202:8:BSP_LCD_GetFont	4	static
../Drivers/BSP/STM324xG_EVAL/stm324xg_eval_lcd.c:211:6:BSP_LCD_Clear	32	static
../Drivers/BSP/STM324xG_EVAL/stm324xg_eval_lcd.c:233:6:BSP_LCD_ClearStringLine	32	static
../Drivers/BSP/STM324xG_EVAL/stm324xg_eval_lcd.c:252:6:BSP_LCD_DisplayChar	16	static
../Drivers/BSP/STM324xG_EVAL/stm324xg_eval_lcd.c:269:6:BSP_LCD_DisplayStringAt	48	static
../Drivers/BSP/STM324xG_EVAL/stm324xg_eval_lcd.c:327:6:BSP_LCD_DisplayStringAtLine	16	static
../Drivers/BSP/STM324xG_EVAL/stm324xg_eval_lcd.c:338:10:BSP_LCD_ReadPixel	24	static
../Drivers/BSP/STM324xG_EVAL/stm324xg_eval_lcd.c:356:6:BSP_LCD_DrawPixel	16	static
../Drivers/BSP/STM324xG_EVAL/stm324xg_eval_lcd.c:370:6:BSP_LCD_DrawHLine	32	static
../Drivers/BSP/STM324xG_EVAL/stm324xg_eval_lcd.c:393:6:BSP_LCD_DrawVLine	32	static
../Drivers/BSP/STM324xG_EVAL/stm324xg_eval_lcd.c:417:6:BSP_LCD_DrawLine	56	static
../Drivers/BSP/STM324xG_EVAL/stm324xg_eval_lcd.c:491:6:BSP_LCD_DrawRect	24	static
../Drivers/BSP/STM324xG_EVAL/stm324xg_eval_lcd.c:508:6:BSP_LCD_DrawCircle	32	static
../Drivers/BSP/STM324xG_EVAL/stm324xg_eval_lcd.c:557:6:BSP_LCD_DrawPolygon	32	static
../Drivers/BSP/STM324xG_EVAL/stm324xg_eval_lcd.c:585:6:BSP_LCD_DrawEllipse	56	static
../Drivers/BSP/STM324xG_EVAL/stm324xg_eval_lcd.c:617:6:BSP_LCD_DrawBitmap	32	static
../Drivers/BSP/STM324xG_EVAL/stm324xg_eval_lcd.c:645:6:BSP_LCD_DrawRGBImage	32	static
../Drivers/BSP/STM324xG_EVAL/stm324xg_eval_lcd.c:664:6:BSP_LCD_FillRect	24	static
../Drivers/BSP/STM324xG_EVAL/stm324xg_eval_lcd.c:680:6:BSP_LCD_FillCircle	32	static
../Drivers/BSP/STM324xG_EVAL/stm324xg_eval_lcd.c:727:6:BSP_LCD_FillPolygon	64	static
../Drivers/BSP/STM324xG_EVAL/stm324xg_eval_lcd.c:795:6:BSP_LCD_FillEllipse	56	static
../Drivers/BSP/STM324xG_EVAL/stm324xg_eval_lcd.c:824:6:BSP_LCD_DisplayOn	8	static
../Drivers/BSP/STM324xG_EVAL/stm324xg_eval_lcd.c:832:6:BSP_LCD_DisplayOff	8	static
../Drivers/BSP/STM324xG_EVAL/stm324xg_eval_lcd.c:847:13:DrawChar	40	static
../Drivers/BSP/STM324xG_EVAL/stm324xg_eval_lcd.c:902:13:SetDisplayWindow	24	static
../Drivers/BSP/STM324xG_EVAL/stm324xg_eval_lcd.c:919:13:FillTriangle	56	static
