../Core/Src/main.c:122:5:main	16	static
../Core/Src/main.c:248:6:SystemClock_Config	88	static
../Core/Src/main.c:295:13:MX_ADC3_Init	24	static
../Core/Src/main.c:347:13:MX_DAC_Init	16	static
../Core/Src/main.c:387:13:MX_DCMI_Init	8	static
../Core/Src/main.c:420:13:MX_I2C1_Init	8	static
../Core/Src/main.c:454:13:MX_TIM3_Init	56	static
../Core/Src/main.c:503:13:MX_USART3_UART_Init	8	static
../Core/Src/main.c:536:13:MX_GPIO_Init	64	static
../Core/Src/main.c:776:13:MX_FSMC_Init	40	static
../Core/Src/main.c:904:6:Error_Handler	4	static,ignoring_inline_asm
