../Core/Src/main.c:100:5:main	24	static
../Core/Src/main.c:232:6:SystemClock_Config	88	static
../Core/Src/main.c:279:13:MX_ADC3_Init	24	static
../Core/Src/main.c:331:13:MX_DAC_Init	16	static
../Core/Src/main.c:371:13:MX_DCMI_Init	8	static
../Core/Src/main.c:404:13:MX_I2C1_Init	8	static
../Core/Src/main.c:438:13:MX_TIM3_Init	56	static
../Core/Src/main.c:487:13:MX_USART3_UART_Init	8	static
../Core/Src/main.c:520:13:MX_GPIO_Init	64	static
../Core/Src/main.c:760:13:MX_FSMC_Init	40	static
../Core/Src/main.c:888:6:Error_Handler	4	static,ignoring_inline_asm
