../Core/Src/stm32f4xx_hal_msp.c:63:6:HAL_MspInit	16	static
../Core/Src/stm32f4xx_hal_msp.c:87:6:HAL_ADC_MspInit	48	static
../Core/Src/stm32f4xx_hal_msp.c:121:6:HAL_ADC_MspDeInit	16	static
../Core/Src/stm32f4xx_hal_msp.c:150:6:HAL_DAC_MspInit	48	static
../Core/Src/stm32f4xx_hal_msp.c:183:6:HAL_DAC_MspDeInit	16	static
../Core/Src/stm32f4xx_hal_msp.c:211:6:HAL_DCMI_MspInit	56	static
../Core/Src/stm32f4xx_hal_msp.c:273:6:HAL_DCMI_MspDeInit	16	static
../Core/Src/stm32f4xx_hal_msp.c:316:6:HAL_I2C_MspInit	48	static
../Core/Src/stm32f4xx_hal_msp.c:352:6:HAL_I2C_MspDeInit	16	static
../Core/Src/stm32f4xx_hal_msp.c:383:6:HAL_TIM_Encoder_MspInit	48	static
../Core/Src/stm32f4xx_hal_msp.c:419:6:HAL_TIM_Encoder_MspDeInit	16	static
../Core/Src/stm32f4xx_hal_msp.c:448:6:HAL_UART_MspInit	48	static
../Core/Src/stm32f4xx_hal_msp.c:484:6:HAL_UART_MspDeInit	16	static
../Core/Src/stm32f4xx_hal_msp.c:509:13:HAL_FSMC_MspInit	32	static
../Core/Src/stm32f4xx_hal_msp.c:620:6:HAL_NOR_MspInit	16	static
../Core/Src/stm32f4xx_hal_msp.c:630:6:HAL_SRAM_MspInit	16	static
../Core/Src/stm32f4xx_hal_msp.c:642:13:HAL_FSMC_MspDeInit	8	static
../Core/Src/stm32f4xx_hal_msp.c:726:6:HAL_NOR_MspDeInit	16	static
../Core/Src/stm32f4xx_hal_msp.c:736:6:HAL_SRAM_MspDeInit	16	static
