01:22:20 **** Incremental Build of configuration Debug for project whaat ****
make -j8 all 
arm-none-eabi-gcc "../Core/Src/main.c" -mcpu=cortex-m4 -std=gnu11 -g3 -DDEBUG -DUSE_HAL_DRIVER -DSTM32F407xx -c -I../Core/Inc -I../Drivers/STM32F4xx_HAL_Driver/Inc -I../Drivers/STM32F4xx_HAL_Driver/Inc/Legacy -I../Drivers/CMSIS/Device/ST/STM32F4xx/Include -I../Drivers/CMSIS/Include -I../USB_DEVICE/App -I../USB_DEVICE/Target -I../Middlewares/ST/STM32_USB_Device_Library/Core/Inc -I../Middlewares/ST/STM32_USB_Device_Library/Class/HID/Inc -I../Middlewares/ST/STM32_USB_Device_Library/Class/CustomHID/Inc -I"C:/Users/Public/B4M38KRP-semproj/multimediaController/whaat/Drivers/BSP/STM324xG_EVAL" -O0 -ffunction-sections -fdata-sections -Wall -fstack-usage -MMD -MP -MF"Core/Src/main.d" -MT"Core/Src/main.o" --specs=nano.specs -mfpu=fpv4-sp-d16 -mfloat-abi=hard -mthumb -o "Core/Src/main.o"
../Core/Src/main.c: In function 'main':
../Core/Src/main.c:198:5: warning: implicit declaration of function 'USBD_CUSTOM_HID_SendReport' [-Wimplicit-function-declaration]
  198 |     USBD_CUSTOM_HID_SendReport(&hUsbDeviceFS,&volume_message,sizeof(volume_message));
      |     ^~~~~~~~~~~~~~~~~~~~~~~~~~
In file included from ../Core/Inc/main.h:40,
                 from ../Core/Src/main.c:20:
At top level:
../Core/Inc/caps_lock.h:6:16: warning: 'caps_lock' defined but not used [-Wunused-variable]
    6 | static uint8_t caps_lock = 0;
      |                ^~~~~~~~~
arm-none-eabi-gcc -o "whaat.elf" @"objects.list"   -mcpu=cortex-m4 -T"C:\Users\Public\B4M38KRP-semproj\multimediaController\whaat\STM32F407IGHX_FLASH.ld" --specs=nosys.specs -Wl,-Map="whaat.map" -Wl,--gc-sections -static --specs=nano.specs -mfpu=fpv4-sp-d16 -mfloat-abi=hard -mthumb -Wl,--start-group -lc -lm -Wl,--end-group
Finished building target: whaat.elf
 
arm-none-eabi-size   whaat.elf 
arm-none-eabi-objdump -h -S  whaat.elf  > "whaat.list"
   text	   data	    bss	    dec	    hex	filename
  49164	    528	   5432	  55124	   d754	whaat.elf
Finished building: default.size.stdout
 
Finished building: whaat.list
 

01:22:21 Build Finished. 0 errors, 2 warnings. (took 1s.234ms)

