Archive member included to satisfy reference by file (symbol)

c:/st/stm32cubeide_1.10.1/stm32cubeide/plugins/com.st.stm32cube.ide.mcu.externaltools.gnu-tools-for-stm32.10.3-2021.10.win32_1.0.0.202111181127/tools/bin/../lib/gcc/arm-none-eabi/10.3.1/../../../../arm-none-eabi/lib/thumb/v7e-m+fp/hard\libc_nano.a(lib_a-errno.o)
                              ./Core/Src/syscalls.o (__errno)
c:/st/stm32cubeide_1.10.1/stm32cubeide/plugins/com.st.stm32cube.ide.mcu.externaltools.gnu-tools-for-stm32.10.3-2021.10.win32_1.0.0.202111181127/tools/bin/../lib/gcc/arm-none-eabi/10.3.1/../../../../arm-none-eabi/lib/thumb/v7e-m+fp/hard\libc_nano.a(lib_a-exit.o)
                              c:/st/stm32cubeide_1.10.1/stm32cubeide/plugins/com.st.stm32cube.ide.mcu.externaltools.gnu-tools-for-stm32.10.3-2021.10.win32_1.0.0.202111181127/tools/bin/../lib/gcc/arm-none-eabi/10.3.1/../../../../arm-none-eabi/lib/thumb/v7e-m+fp/hard/crt0.o (exit)
c:/st/stm32cubeide_1.10.1/stm32cubeide/plugins/com.st.stm32cube.ide.mcu.externaltools.gnu-tools-for-stm32.10.3-2021.10.win32_1.0.0.202111181127/tools/bin/../lib/gcc/arm-none-eabi/10.3.1/../../../../arm-none-eabi/lib/thumb/v7e-m+fp/hard\libc_nano.a(lib_a-impure.o)
                              c:/st/stm32cubeide_1.10.1/stm32cubeide/plugins/com.st.stm32cube.ide.mcu.externaltools.gnu-tools-for-stm32.10.3-2021.10.win32_1.0.0.202111181127/tools/bin/../lib/gcc/arm-none-eabi/10.3.1/../../../../arm-none-eabi/lib/thumb/v7e-m+fp/hard\libc_nano.a(lib_a-exit.o) (_global_impure_ptr)
c:/st/stm32cubeide_1.10.1/stm32cubeide/plugins/com.st.stm32cube.ide.mcu.externaltools.gnu-tools-for-stm32.10.3-2021.10.win32_1.0.0.202111181127/tools/bin/../lib/gcc/arm-none-eabi/10.3.1/../../../../arm-none-eabi/lib/thumb/v7e-m+fp/hard\libc_nano.a(lib_a-init.o)
                              c:/st/stm32cubeide_1.10.1/stm32cubeide/plugins/com.st.stm32cube.ide.mcu.externaltools.gnu-tools-for-stm32.10.3-2021.10.win32_1.0.0.202111181127/tools/bin/../lib/gcc/arm-none-eabi/10.3.1/../../../../arm-none-eabi/lib/thumb/v7e-m+fp/hard/crt0.o (__libc_init_array)
c:/st/stm32cubeide_1.10.1/stm32cubeide/plugins/com.st.stm32cube.ide.mcu.externaltools.gnu-tools-for-stm32.10.3-2021.10.win32_1.0.0.202111181127/tools/bin/../lib/gcc/arm-none-eabi/10.3.1/../../../../arm-none-eabi/lib/thumb/v7e-m+fp/hard\libc_nano.a(lib_a-memset.o)
                              c:/st/stm32cubeide_1.10.1/stm32cubeide/plugins/com.st.stm32cube.ide.mcu.externaltools.gnu-tools-for-stm32.10.3-2021.10.win32_1.0.0.202111181127/tools/bin/../lib/gcc/arm-none-eabi/10.3.1/../../../../arm-none-eabi/lib/thumb/v7e-m+fp/hard/crt0.o (memset)
c:/st/stm32cubeide_1.10.1/stm32cubeide/plugins/com.st.stm32cube.ide.mcu.externaltools.gnu-tools-for-stm32.10.3-2021.10.win32_1.0.0.202111181127/tools/bin/../lib/gcc/arm-none-eabi/10.3.1/thumb/v7e-m+fp/hard\libgcc.a(_aeabi_uldivmod.o)
                              ./Drivers/STM32F4xx_HAL_Driver/Src/stm32f4xx_hal_rcc.o (__aeabi_uldivmod)
c:/st/stm32cubeide_1.10.1/stm32cubeide/plugins/com.st.stm32cube.ide.mcu.externaltools.gnu-tools-for-stm32.10.3-2021.10.win32_1.0.0.202111181127/tools/bin/../lib/gcc/arm-none-eabi/10.3.1/thumb/v7e-m+fp/hard\libgcc.a(_udivmoddi4.o)
                              c:/st/stm32cubeide_1.10.1/stm32cubeide/plugins/com.st.stm32cube.ide.mcu.externaltools.gnu-tools-for-stm32.10.3-2021.10.win32_1.0.0.202111181127/tools/bin/../lib/gcc/arm-none-eabi/10.3.1/thumb/v7e-m+fp/hard\libgcc.a(_aeabi_uldivmod.o) (__udivmoddi4)
c:/st/stm32cubeide_1.10.1/stm32cubeide/plugins/com.st.stm32cube.ide.mcu.externaltools.gnu-tools-for-stm32.10.3-2021.10.win32_1.0.0.202111181127/tools/bin/../lib/gcc/arm-none-eabi/10.3.1/thumb/v7e-m+fp/hard\libgcc.a(_dvmd_tls.o)
                              c:/st/stm32cubeide_1.10.1/stm32cubeide/plugins/com.st.stm32cube.ide.mcu.externaltools.gnu-tools-for-stm32.10.3-2021.10.win32_1.0.0.202111181127/tools/bin/../lib/gcc/arm-none-eabi/10.3.1/thumb/v7e-m+fp/hard\libgcc.a(_aeabi_uldivmod.o) (__aeabi_ldiv0)

Discarded input sections

 .text          0x0000000000000000        0x0 c:/st/stm32cubeide_1.10.1/stm32cubeide/plugins/com.st.stm32cube.ide.mcu.externaltools.gnu-tools-for-stm32.10.3-2021.10.win32_1.0.0.202111181127/tools/bin/../lib/gcc/arm-none-eabi/10.3.1/thumb/v7e-m+fp/hard/crti.o
 .data          0x0000000000000000        0x0 c:/st/stm32cubeide_1.10.1/stm32cubeide/plugins/com.st.stm32cube.ide.mcu.externaltools.gnu-tools-for-stm32.10.3-2021.10.win32_1.0.0.202111181127/tools/bin/../lib/gcc/arm-none-eabi/10.3.1/thumb/v7e-m+fp/hard/crti.o
 .bss           0x0000000000000000        0x0 c:/st/stm32cubeide_1.10.1/stm32cubeide/plugins/com.st.stm32cube.ide.mcu.externaltools.gnu-tools-for-stm32.10.3-2021.10.win32_1.0.0.202111181127/tools/bin/../lib/gcc/arm-none-eabi/10.3.1/thumb/v7e-m+fp/hard/crti.o
[...]
Memory Configuration

Name             Origin             Length             Attributes
CCMRAM           0x0000000010000000 0x0000000000010000 xrw
RAM              0x0000000020000000 0x0000000000020000 xrw
FLASH            0x0000000008000000 0x0000000000100000 xr
*default*        0x0000000000000000 0xffffffffffffffff

Linker script and memory map

LOAD c:/st/stm32cubeide_1.10.1/stm32cubeide/plugins/com.st.stm32cube.ide.mcu.externaltools.gnu-tools-for-stm32.10.3-2021.10.win32_1.0.0.202111181127/tools/bin/../lib/gcc/arm-none-eabi/10.3.1/thumb/v7e-m+fp/hard/crti.o
LOAD c:/st/stm32cubeide_1.10.1/stm32cubeide/plugins/com.st.stm32cube.ide.mcu.externaltools.gnu-tools-for-stm32.10.3-2021.10.win32_1.0.0.202111181127/tools/bin/../lib/gcc/arm-none-eabi/10.3.1/thumb/v7e-m+fp/hard/crtbegin.o
LOAD c:/st/stm32cubeide_1.10.1/stm32cubeide/plugins/com.st.stm32cube.ide.mcu.externaltools.gnu-tools-for-stm32.10.3-2021.10.win32_1.0.0.202111181127/tools/bin/../lib/gcc/arm-none-eabi/10.3.1/../../../../arm-none-eabi/lib/thumb/v7e-m+fp/hard/crt0.o
LOAD ./Core/Src/main.o
LOAD ./Core/Src/stm32f4xx_hal_msp.o
LOAD ./Core/Src/stm32f4xx_it.o
LOAD ./Core/Src/syscalls.o
LOAD ./Core/Src/sysmem.o
LOAD ./Core/Src/system_stm32f4xx.o
LOAD ./Core/Startup/startup_stm32f407ighx.o
LOAD ./Drivers/STM32F4xx_HAL_Driver/Src/stm32f4xx_hal.o
LOAD ./Drivers/STM32F4xx_HAL_Driver/Src/stm32f4xx_hal_cortex.o
LOAD ./Drivers/STM32F4xx_HAL_Driver/Src/stm32f4xx_hal_dma.o
LOAD ./Drivers/STM32F4xx_HAL_Driver/Src/stm32f4xx_hal_dma_ex.o
LOAD ./Drivers/STM32F4xx_HAL_Driver/Src/stm32f4xx_hal_exti.o
LOAD ./Drivers/STM32F4xx_HAL_Driver/Src/stm32f4xx_hal_flash.o
LOAD ./Drivers/STM32F4xx_HAL_Driver/Src/stm32f4xx_hal_flash_ex.o
LOAD ./Drivers/STM32F4xx_HAL_Driver/Src/stm32f4xx_hal_flash_ramfunc.o
LOAD ./Drivers/STM32F4xx_HAL_Driver/Src/stm32f4xx_hal_gpio.o
LOAD ./Drivers/STM32F4xx_HAL_Driver/Src/stm32f4xx_hal_pcd.o
LOAD ./Drivers/STM32F4xx_HAL_Driver/Src/stm32f4xx_hal_pcd_ex.o
LOAD ./Drivers/STM32F4xx_HAL_Driver/Src/stm32f4xx_hal_pwr.o
LOAD ./Drivers/STM32F4xx_HAL_Driver/Src/stm32f4xx_hal_pwr_ex.o
LOAD ./Drivers/STM32F4xx_HAL_Driver/Src/stm32f4xx_hal_rcc.o
LOAD ./Drivers/STM32F4xx_HAL_Driver/Src/stm32f4xx_hal_rcc_ex.o
LOAD ./Drivers/STM32F4xx_HAL_Driver/Src/stm32f4xx_hal_tim.o
LOAD ./Drivers/STM32F4xx_HAL_Driver/Src/stm32f4xx_hal_tim_ex.o
LOAD ./Drivers/STM32F4xx_HAL_Driver/Src/stm32f4xx_ll_usb.o
LOAD ./Middlewares/ST/STM32_USB_Device_Library/Class/HID/Src/usbd_hid.o
LOAD ./Middlewares/ST/STM32_USB_Device_Library/Core/Src/usbd_core.o
LOAD ./Middlewares/ST/STM32_USB_Device_Library/Core/Src/usbd_ctlreq.o
LOAD ./Middlewares/ST/STM32_USB_Device_Library/Core/Src/usbd_ioreq.o
LOAD ./USB_DEVICE/App/usb_device.o
LOAD ./USB_DEVICE/App/usbd_desc.o
LOAD ./USB_DEVICE/Target/usbd_conf.o
START GROUP
LOAD c:/st/stm32cubeide_1.10.1/stm32cubeide/plugins/com.st.stm32cube.ide.mcu.externaltools.gnu-tools-for-stm32.10.3-2021.10.win32_1.0.0.202111181127/tools/bin/../lib/gcc/arm-none-eabi/10.3.1/../../../../arm-none-eabi/lib/thumb/v7e-m+fp/hard\libc_nano.a
LOAD c:/st/stm32cubeide_1.10.1/stm32cubeide/plugins/com.st.stm32cube.ide.mcu.externaltools.gnu-tools-for-stm32.10.3-2021.10.win32_1.0.0.202111181127/tools/bin/../lib/gcc/arm-none-eabi/10.3.1/../../../../arm-none-eabi/lib/thumb/v7e-m+fp/hard\libm.a
END GROUP
START GROUP
LOAD c:/st/stm32cubeide_1.10.1/stm32cubeide/plugins/com.st.stm32cube.ide.mcu.externaltools.gnu-tools-for-stm32.10.3-2021.10.win32_1.0.0.202111181127/tools/bin/../lib/gcc/arm-none-eabi/10.3.1/thumb/v7e-m+fp/hard\libgcc.a
LOAD c:/st/stm32cubeide_1.10.1/stm32cubeide/plugins/com.st.stm32cube.ide.mcu.externaltools.gnu-tools-for-stm32.10.3-2021.10.win32_1.0.0.202111181127/tools/bin/../lib/gcc/arm-none-eabi/10.3.1/../../../../arm-none-eabi/lib/thumb/v7e-m+fp/hard\libc_nano.a
END GROUP
START GROUP
LOAD c:/st/stm32cubeide_1.10.1/stm32cubeide/plugins/com.st.stm32cube.ide.mcu.externaltools.gnu-tools-for-stm32.10.3-2021.10.win32_1.0.0.202111181127/tools/bin/../lib/gcc/arm-none-eabi/10.3.1/thumb/v7e-m+fp/hard\libgcc.a
LOAD c:/st/stm32cubeide_1.10.1/stm32cubeide/plugins/com.st.stm32cube.ide.mcu.externaltools.gnu-tools-for-stm32.10.3-2021.10.win32_1.0.0.202111181127/tools/bin/../lib/gcc/arm-none-eabi/10.3.1/../../../../arm-none-eabi/lib/thumb/v7e-m+fp/hard\libc_nano.a
LOAD c:/st/stm32cubeide_1.10.1/stm32cubeide/plugins/com.st.stm32cube.ide.mcu.externaltools.gnu-tools-for-stm32.10.3-2021.10.win32_1.0.0.202111181127/tools/bin/../lib/gcc/arm-none-eabi/10.3.1/../../../../arm-none-eabi/lib/thumb/v7e-m+fp/hard\libnosys.a
END GROUP
START GROUP
LOAD c:/st/stm32cubeide_1.10.1/stm32cubeide/plugins/com.st.stm32cube.ide.mcu.externaltools.gnu-tools-for-stm32.10.3-2021.10.win32_1.0.0.202111181127/tools/bin/../lib/gcc/arm-none-eabi/10.3.1/thumb/v7e-m+fp/hard\libgcc.a
LOAD c:/st/stm32cubeide_1.10.1/stm32cubeide/plugins/com.st.stm32cube.ide.mcu.externaltools.gnu-tools-for-stm32.10.3-2021.10.win32_1.0.0.202111181127/tools/bin/../lib/gcc/arm-none-eabi/10.3.1/../../../../arm-none-eabi/lib/thumb/v7e-m+fp/hard\libc_nano.a
LOAD c:/st/stm32cubeide_1.10.1/stm32cubeide/plugins/com.st.stm32cube.ide.mcu.externaltools.gnu-tools-for-stm32.10.3-2021.10.win32_1.0.0.202111181127/tools/bin/../lib/gcc/arm-none-eabi/10.3.1/../../../../arm-none-eabi/lib/thumb/v7e-m+fp/hard\libnosys.a
END GROUP
LOAD c:/st/stm32cubeide_1.10.1/stm32cubeide/plugins/com.st.stm32cube.ide.mcu.externaltools.gnu-tools-for-stm32.10.3-2021.10.win32_1.0.0.202111181127/tools/bin/../lib/gcc/arm-none-eabi/10.3.1/thumb/v7e-m+fp/hard/crtend.o
LOAD c:/st/stm32cubeide_1.10.1/stm32cubeide/plugins/com.st.stm32cube.ide.mcu.externaltools.gnu-tools-for-stm32.10.3-2021.10.win32_1.0.0.202111181127/tools/bin/../lib/gcc/arm-none-eabi/10.3.1/thumb/v7e-m+fp/hard/crtn.o
                0x0000000020020000                _estack = (ORIGIN (RAM) + LENGTH (RAM))
                0x0000000000000200                _Min_Heap_Size = 0x200
                0x0000000000000400                _Min_Stack_Size = 0x400

.isr_vector     0x0000000008000000      0x188
                0x0000000008000000                . = ALIGN (0x4)
 *(.isr_vector)
 .isr_vector    0x0000000008000000      0x188 ./Core/Startup/startup_stm32f407ighx.o
                0x0000000008000000                g_pfnVectors
                0x0000000008000188                . = ALIGN (0x4)

.text           0x0000000008000188     0x65a4
                0x0000000008000188                . = ALIGN (0x4)
 *(.text)
 .text          0x0000000008000188       0x40 c:/st/stm32cubeide_1.10.1/stm32cubeide/plugins/com.st.stm32cube.ide.mcu.externaltools.gnu-tools-for-stm32.10.3-2021.10.win32_1.0.0.202111181127/tools/bin/../lib/gcc/arm-none-eabi/10.3.1/thumb/v7e-m+fp/hard/crtbegin.o
 .text          0x00000000080001c8       0x30 c:/st/stm32cubeide_1.10.1/stm32cubeide/plugins/com.st.stm32cube.ide.mcu.externaltools.gnu-tools-for-stm32.10.3-2021.10.win32_1.0.0.202111181127/tools/bin/../lib/gcc/arm-none-eabi/10.3.1/thumb/v7e-m+fp/hard\libgcc.a(_aeabi_uldivmod.o)
                0x00000000080001c8                __aeabi_uldivmod
 .text          0x00000000080001f8      0x2d0 c:/st/stm32cubeide_1.10.1/stm32cubeide/plugins/com.st.stm32cube.ide.mcu.externaltools.gnu-tools-for-stm32.10.3-2021.10.win32_1.0.0.202111181127/tools/bin/../lib/gcc/arm-none-eabi/10.3.1/thumb/v7e-m+fp/hard\libgcc.a(_udivmoddi4.o)
                0x00000000080001f8                __udivmoddi4
 .text          0x00000000080004c8        0x4 c:/st/stm32cubeide_1.10.1/stm32cubeide/plugins/com.st.stm32cube.ide.mcu.externaltools.gnu-tools-for-stm32.10.3-2021.10.win32_1.0.0.202111181127/tools/bin/../lib/gcc/arm-none-eabi/10.3.1/thumb/v7e-m+fp/hard\libgcc.a(_dvmd_tls.o)
                0x00000000080004c8                __aeabi_idiv0
                0x00000000080004c8                __aeabi_ldiv0
 *(.text*)
 .text.main     0x00000000080004cc       0x70 ./Core/Src/main.o
                0x00000000080004cc                main
 .text.SystemClock_Config
                0x000000000800053c       0xd4 ./Core/Src/main.o
                0x000000000800053c                SystemClock_Config
 .text.MX_GPIO_Init
                0x0000000008000610       0x50 ./Core/Src/main.o
 .text.Error_Handler
                0x0000000008000660        0xa ./Core/Src/main.o
                0x0000000008000660                Error_Handler
 *fill*         0x000000000800066a        0x2 
 .text.HAL_MspInit
                0x000000000800066c       0x50 ./Core/Src/stm32f4xx_hal_msp.o
                0x000000000800066c                HAL_MspInit
 .text.NMI_Handler
                0x00000000080006bc        0x6 ./Core/Src/stm32f4xx_it.o
                0x00000000080006bc                NMI_Handler
 .text.HardFault_Handler
                0x00000000080006c2        0x6 ./Core/Src/stm32f4xx_it.o
                0x00000000080006c2                HardFault_Handler
 .text.MemManage_Handler
                0x00000000080006c8        0x6 ./Core/Src/stm32f4xx_it.o
                0x00000000080006c8                MemManage_Handler
 .text.BusFault_Handler
                0x00000000080006ce        0x6 ./Core/Src/stm32f4xx_it.o
                0x00000000080006ce                BusFault_Handler
 .text.UsageFault_Handler
                0x00000000080006d4        0x6 ./Core/Src/stm32f4xx_it.o
                0x00000000080006d4                UsageFault_Handler
 .text.SVC_Handler
                0x00000000080006da        0xe ./Core/Src/stm32f4xx_it.o
                0x00000000080006da                SVC_Handler
 .text.DebugMon_Handler
                0x00000000080006e8        0xe ./Core/Src/stm32f4xx_it.o
                0x00000000080006e8                DebugMon_Handler
 .text.PendSV_Handler
                0x00000000080006f6        0xe ./Core/Src/stm32f4xx_it.o
                0x00000000080006f6                PendSV_Handler
 .text.SysTick_Handler
                0x0000000008000704        0xc ./Core/Src/stm32f4xx_it.o
                0x0000000008000704                SysTick_Handler
 .text.OTG_FS_IRQHandler
                0x0000000008000710       0x14 ./Core/Src/stm32f4xx_it.o
                0x0000000008000710                OTG_FS_IRQHandler
 .text.SystemInit
                0x0000000008000724       0x24 ./Core/Src/system_stm32f4xx.o
                0x0000000008000724                SystemInit
 .text.Reset_Handler
                0x0000000008000748       0x50 ./Core/Startup/startup_stm32f407ighx.o
                0x0000000008000748                Reset_Handler
 .text.Default_Handler
                0x0000000008000798        0x2 ./Core/Startup/startup_stm32f407ighx.o
                0x0000000008000798                RTC_Alarm_IRQHandler
                0x0000000008000798                HASH_RNG_IRQHandler
                0x0000000008000798                EXTI2_IRQHandler
                0x0000000008000798                TIM8_CC_IRQHandler
                0x0000000008000798                TIM1_CC_IRQHandler
                0x0000000008000798                DMA2_Stream5_IRQHandler
                0x0000000008000798                DMA1_Stream5_IRQHandler
                0x0000000008000798                PVD_IRQHandler
                0x0000000008000798                SDIO_IRQHandler
                0x0000000008000798                TAMP_STAMP_IRQHandler
                0x0000000008000798                CAN2_RX1_IRQHandler
                0x0000000008000798                EXTI3_IRQHandler
                0x0000000008000798                TIM8_TRG_COM_TIM14_IRQHandler
                0x0000000008000798                TIM1_UP_TIM10_IRQHandler
                0x0000000008000798                TIM8_UP_TIM13_IRQHandler
                0x0000000008000798                I2C3_ER_IRQHandler
                0x0000000008000798                EXTI0_IRQHandler
                0x0000000008000798                I2C2_EV_IRQHandler
                0x0000000008000798                DMA1_Stream2_IRQHandler
                0x0000000008000798                CAN1_RX0_IRQHandler
                0x0000000008000798                FPU_IRQHandler
                0x0000000008000798                OTG_HS_WKUP_IRQHandler
                0x0000000008000798                CAN2_SCE_IRQHandler
                0x0000000008000798                DMA2_Stream2_IRQHandler
                0x0000000008000798                SPI1_IRQHandler
                0x0000000008000798                TIM6_DAC_IRQHandler
                0x0000000008000798                TIM1_BRK_TIM9_IRQHandler
                0x0000000008000798                DCMI_IRQHandler
                0x0000000008000798                CAN2_RX0_IRQHandler
                0x0000000008000798                DMA2_Stream3_IRQHandler
                0x0000000008000798                USART6_IRQHandler
                0x0000000008000798                USART3_IRQHandler
                0x0000000008000798                CAN1_RX1_IRQHandler
                0x0000000008000798                UART5_IRQHandler
                0x0000000008000798                DMA2_Stream0_IRQHandler
                0x0000000008000798                TIM4_IRQHandler
                0x0000000008000798                I2C1_EV_IRQHandler
                0x0000000008000798                DMA1_Stream6_IRQHandler
                0x0000000008000798                DMA1_Stream1_IRQHandler
                0x0000000008000798                UART4_IRQHandler
                0x0000000008000798                TIM3_IRQHandler
                0x0000000008000798                RCC_IRQHandler
                0x0000000008000798                TIM8_BRK_TIM12_IRQHandler
                0x0000000008000798                Default_Handler
                0x0000000008000798                EXTI15_10_IRQHandler
                0x0000000008000798                ADC_IRQHandler
                0x0000000008000798                DMA1_Stream7_IRQHandler
                0x0000000008000798                TIM7_IRQHandler
                0x0000000008000798                CAN2_TX_IRQHandler
                0x0000000008000798                TIM5_IRQHandler
                0x0000000008000798                DMA2_Stream7_IRQHandler
                0x0000000008000798                I2C3_EV_IRQHandler
                0x0000000008000798                EXTI9_5_IRQHandler
                0x0000000008000798                RTC_WKUP_IRQHandler
                0x0000000008000798                ETH_WKUP_IRQHandler
                0x0000000008000798                SPI2_IRQHandler
                0x0000000008000798                OTG_HS_EP1_IN_IRQHandler
                0x0000000008000798                DMA1_Stream0_IRQHandler
                0x0000000008000798                CAN1_TX_IRQHandler
                0x0000000008000798                EXTI4_IRQHandler
                0x0000000008000798                FSMC_IRQHandler
                0x0000000008000798                ETH_IRQHandler
                0x0000000008000798                OTG_HS_EP1_OUT_IRQHandler
                0x0000000008000798                WWDG_IRQHandler
                0x0000000008000798                TIM2_IRQHandler
                0x0000000008000798                OTG_FS_WKUP_IRQHandler
                0x0000000008000798                TIM1_TRG_COM_TIM11_IRQHandler
                0x0000000008000798                OTG_HS_IRQHandler
                0x0000000008000798                EXTI1_IRQHandler
                0x0000000008000798                USART2_IRQHandler
                0x0000000008000798                I2C2_ER_IRQHandler
                0x0000000008000798                DMA2_Stream1_IRQHandler
                0x0000000008000798                CAN1_SCE_IRQHandler
                0x0000000008000798                FLASH_IRQHandler
                0x0000000008000798                DMA2_Stream4_IRQHandler
                0x0000000008000798                USART1_IRQHandler
                0x0000000008000798                SPI3_IRQHandler
                0x0000000008000798                DMA1_Stream4_IRQHandler
                0x0000000008000798                I2C1_ER_IRQHandler
                0x0000000008000798                DMA2_Stream6_IRQHandler
                0x0000000008000798                DMA1_Stream3_IRQHandler
 *fill*         0x000000000800079a        0x2 
 .text.HAL_Init
                0x000000000800079c       0x44 ./Drivers/STM32F4xx_HAL_Driver/Src/stm32f4xx_hal.o
                0x000000000800079c                HAL_Init
 .text.HAL_InitTick
                0x00000000080007e0       0x60 ./Drivers/STM32F4xx_HAL_Driver/Src/stm32f4xx_hal.o
                0x00000000080007e0                HAL_InitTick
 .text.HAL_IncTick
                0x0000000008000840       0x28 ./Drivers/STM32F4xx_HAL_Driver/Src/stm32f4xx_hal.o
                0x0000000008000840                HAL_IncTick
 .text.HAL_GetTick
                0x0000000008000868       0x18 ./Drivers/STM32F4xx_HAL_Driver/Src/stm32f4xx_hal.o
                0x0000000008000868                HAL_GetTick
 .text.HAL_Delay
                0x0000000008000880       0x48 ./Drivers/STM32F4xx_HAL_Driver/Src/stm32f4xx_hal.o
                0x0000000008000880                HAL_Delay
 .text.__NVIC_SetPriorityGrouping
                0x00000000080008c8       0x48 ./Drivers/STM32F4xx_HAL_Driver/Src/stm32f4xx_hal_cortex.o
 .text.__NVIC_GetPriorityGrouping
                0x0000000008000910       0x1c ./Drivers/STM32F4xx_HAL_Driver/Src/stm32f4xx_hal_cortex.o
 .text.__NVIC_EnableIRQ
                0x000000000800092c       0x3c ./Drivers/STM32F4xx_HAL_Driver/Src/stm32f4xx_hal_cortex.o
 .text.__NVIC_SetPriority
                0x0000000008000968       0x54 ./Drivers/STM32F4xx_HAL_Driver/Src/stm32f4xx_hal_cortex.o
 .text.NVIC_EncodePriority
                0x00000000080009bc       0x66 ./Drivers/STM32F4xx_HAL_Driver/Src/stm32f4xx_hal_cortex.o
 *fill*         0x0000000008000a22        0x2 
 .text.SysTick_Config
                0x0000000008000a24       0x44 ./Drivers/STM32F4xx_HAL_Driver/Src/stm32f4xx_hal_cortex.o
 .text.HAL_NVIC_SetPriorityGrouping
                0x0000000008000a68       0x16 ./Drivers/STM32F4xx_HAL_Driver/Src/stm32f4xx_hal_cortex.o
                0x0000000008000a68                HAL_NVIC_SetPriorityGrouping
 .text.HAL_NVIC_SetPriority
                0x0000000008000a7e       0x38 ./Drivers/STM32F4xx_HAL_Driver/Src/stm32f4xx_hal_cortex.o
                0x0000000008000a7e                HAL_NVIC_SetPriority
 .text.HAL_NVIC_EnableIRQ
                0x0000000008000ab6       0x1c ./Drivers/STM32F4xx_HAL_Driver/Src/stm32f4xx_hal_cortex.o
                0x0000000008000ab6                HAL_NVIC_EnableIRQ
 .text.HAL_SYSTICK_Config
                0x0000000008000ad2       0x18 ./Drivers/STM32F4xx_HAL_Driver/Src/stm32f4xx_hal_cortex.o
                0x0000000008000ad2                HAL_SYSTICK_Config
 *fill*         0x0000000008000aea        0x2 
 .text.HAL_GPIO_Init
                0x0000000008000aec      0x338 ./Drivers/STM32F4xx_HAL_Driver/Src/stm32f4xx_hal_gpio.o
                0x0000000008000aec                HAL_GPIO_Init
 .text.HAL_PCD_Init
                0x0000000008000e24      0x23a ./Drivers/STM32F4xx_HAL_Driver/Src/stm32f4xx_hal_pcd.o
                0x0000000008000e24                HAL_PCD_Init
 .text.HAL_PCD_Start
                0x000000000800105e       0x66 ./Drivers/STM32F4xx_HAL_Driver/Src/stm32f4xx_hal_pcd.o
                0x000000000800105e                HAL_PCD_Start
 .text.HAL_PCD_IRQHandler
                0x00000000080010c4      0x93e ./Drivers/STM32F4xx_HAL_Driver/Src/stm32f4xx_hal_pcd.o
                0x00000000080010c4                HAL_PCD_IRQHandler
 .text.HAL_PCD_SetAddress
                0x0000000008001a02       0x4a ./Drivers/STM32F4xx_HAL_Driver/Src/stm32f4xx_hal_pcd.o
                0x0000000008001a02                HAL_PCD_SetAddress
 .text.HAL_PCD_EP_Open
                0x0000000008001a4c       0xd0 ./Drivers/STM32F4xx_HAL_Driver/Src/stm32f4xx_hal_pcd.o
                0x0000000008001a4c                HAL_PCD_EP_Open
 .text.HAL_PCD_EP_Close
                0x0000000008001b1c       0x94 ./Drivers/STM32F4xx_HAL_Driver/Src/stm32f4xx_hal_pcd.o
                0x0000000008001b1c                HAL_PCD_EP_Close
 .text.HAL_PCD_EP_Receive
                0x0000000008001bb0       0x96 ./Drivers/STM32F4xx_HAL_Driver/Src/stm32f4xx_hal_pcd.o
                0x0000000008001bb0                HAL_PCD_EP_Receive
 .text.HAL_PCD_EP_Transmit
                0x0000000008001c46       0x94 ./Drivers/STM32F4xx_HAL_Driver/Src/stm32f4xx_hal_pcd.o
                0x0000000008001c46                HAL_PCD_EP_Transmit
 .text.HAL_PCD_EP_SetStall
                0x0000000008001cda       0xc8 ./Drivers/STM32F4xx_HAL_Driver/Src/stm32f4xx_hal_pcd.o
                0x0000000008001cda                HAL_PCD_EP_SetStall
 .text.HAL_PCD_EP_ClrStall
                0x0000000008001da2       0xac ./Drivers/STM32F4xx_HAL_Driver/Src/stm32f4xx_hal_pcd.o
                0x0000000008001da2                HAL_PCD_EP_ClrStall
 .text.HAL_PCD_EP_Abort
                0x0000000008001e4e       0x62 ./Drivers/STM32F4xx_HAL_Driver/Src/stm32f4xx_hal_pcd.o
                0x0000000008001e4e                HAL_PCD_EP_Abort
 .text.PCD_WriteEmptyTxFifo
                0x0000000008001eb0      0x11a ./Drivers/STM32F4xx_HAL_Driver/Src/stm32f4xx_hal_pcd.o
 *fill*         0x0000000008001fca        0x2 
 .text.PCD_EP_OutXfrComplete_int
                0x0000000008001fcc      0x1d0 ./Drivers/STM32F4xx_HAL_Driver/Src/stm32f4xx_hal_pcd.o
 .text.PCD_EP_OutSetupPacket_int
                0x000000000800219c       0x8c ./Drivers/STM32F4xx_HAL_Driver/Src/stm32f4xx_hal_pcd.o
 .text.HAL_PCDEx_SetTxFiFo
                0x0000000008002228       0x8e ./Drivers/STM32F4xx_HAL_Driver/Src/stm32f4xx_hal_pcd_ex.o
                0x0000000008002228                HAL_PCDEx_SetTxFiFo
 .text.HAL_PCDEx_SetRxFiFo
                0x00000000080022b6       0x22 ./Drivers/STM32F4xx_HAL_Driver/Src/stm32f4xx_hal_pcd_ex.o
                0x00000000080022b6                HAL_PCDEx_SetRxFiFo
 .text.HAL_PCDEx_LPM_Callback
                0x00000000080022d8       0x18 ./Drivers/STM32F4xx_HAL_Driver/Src/stm32f4xx_hal_pcd_ex.o
                0x00000000080022d8                HAL_PCDEx_LPM_Callback
 .text.HAL_RCC_OscConfig
                0x00000000080022f0      0x4f0 ./Drivers/STM32F4xx_HAL_Driver/Src/stm32f4xx_hal_rcc.o
                0x00000000080022f0                HAL_RCC_OscConfig
 .text.HAL_RCC_ClockConfig
                0x00000000080027e0      0x1cc ./Drivers/STM32F4xx_HAL_Driver/Src/stm32f4xx_hal_rcc.o
                0x00000000080027e0                HAL_RCC_ClockConfig
 .text.HAL_RCC_GetSysClockFreq
                0x00000000080029ac      0x18c ./Drivers/STM32F4xx_HAL_Driver/Src/stm32f4xx_hal_rcc.o
                0x00000000080029ac                HAL_RCC_GetSysClockFreq
 .text.HAL_RCC_GetHCLKFreq
                0x0000000008002b38       0x18 ./Drivers/STM32F4xx_HAL_Driver/Src/stm32f4xx_hal_rcc.o
                0x0000000008002b38                HAL_RCC_GetHCLKFreq
 .text.USB_CoreInit
                0x0000000008002b50       0xc2 ./Drivers/STM32F4xx_HAL_Driver/Src/stm32f4xx_ll_usb.o
                0x0000000008002b50                USB_CoreInit
 *fill*         0x0000000008002c12        0x2 
 .text.USB_SetTurnaroundTime
                0x0000000008002c14      0x144 ./Drivers/STM32F4xx_HAL_Driver/Src/stm32f4xx_ll_usb.o
                0x0000000008002c14                USB_SetTurnaroundTime
 .text.USB_EnableGlobalInt
                0x0000000008002d58       0x22 ./Drivers/STM32F4xx_HAL_Driver/Src/stm32f4xx_ll_usb.o
                0x0000000008002d58                USB_EnableGlobalInt
 .text.USB_DisableGlobalInt
                0x0000000008002d7a       0x22 ./Drivers/STM32F4xx_HAL_Driver/Src/stm32f4xx_ll_usb.o
                0x0000000008002d7a                USB_DisableGlobalInt
 .text.USB_SetCurrentMode
                0x0000000008002d9c       0x98 ./Drivers/STM32F4xx_HAL_Driver/Src/stm32f4xx_ll_usb.o
                0x0000000008002d9c                USB_SetCurrentMode
 .text.USB_DevInit
                0x0000000008002e34      0x2c8 ./Drivers/STM32F4xx_HAL_Driver/Src/stm32f4xx_ll_usb.o
                0x0000000008002e34                USB_DevInit
 .text.USB_FlushTxFifo
                0x00000000080030fc       0x68 ./Drivers/STM32F4xx_HAL_Driver/Src/stm32f4xx_ll_usb.o
                0x00000000080030fc                USB_FlushTxFifo
 .text.USB_FlushRxFifo
                0x0000000008003164       0x60 ./Drivers/STM32F4xx_HAL_Driver/Src/stm32f4xx_ll_usb.o
                0x0000000008003164                USB_FlushRxFifo
 .text.USB_SetDevSpeed
                0x00000000080031c4       0x32 ./Drivers/STM32F4xx_HAL_Driver/Src/stm32f4xx_ll_usb.o
                0x00000000080031c4                USB_SetDevSpeed
 .text.USB_GetDevSpeed
                0x00000000080031f6       0x4a ./Drivers/STM32F4xx_HAL_Driver/Src/stm32f4xx_ll_usb.o
                0x00000000080031f6                USB_GetDevSpeed
 .text.USB_ActivateEndpoint
                0x0000000008003240      0x10e ./Drivers/STM32F4xx_HAL_Driver/Src/stm32f4xx_ll_usb.o
                0x0000000008003240                USB_ActivateEndpoint
 *fill*         0x000000000800334e        0x2 
 .text.USB_DeactivateEndpoint
                0x0000000008003350      0x1b8 ./Drivers/STM32F4xx_HAL_Driver/Src/stm32f4xx_ll_usb.o
                0x0000000008003350                USB_DeactivateEndpoint
 .text.USB_EPStartXfer
                0x0000000008003508      0x490 ./Drivers/STM32F4xx_HAL_Driver/Src/stm32f4xx_ll_usb.o
                0x0000000008003508                USB_EPStartXfer
 .text.USB_EP0StartXfer
                0x0000000008003998      0x2b0 ./Drivers/STM32F4xx_HAL_Driver/Src/stm32f4xx_ll_usb.o
                0x0000000008003998                USB_EP0StartXfer
 .text.USB_EPStopXfer
                0x0000000008003c48      0x154 ./Drivers/STM32F4xx_HAL_Driver/Src/stm32f4xx_ll_usb.o
                0x0000000008003c48                USB_EPStopXfer
 .text.USB_WritePacket
                0x0000000008003d9c       0x7c ./Drivers/STM32F4xx_HAL_Driver/Src/stm32f4xx_ll_usb.o
                0x0000000008003d9c                USB_WritePacket
 .text.USB_ReadPacket
                0x0000000008003e18       0xb0 ./Drivers/STM32F4xx_HAL_Driver/Src/stm32f4xx_ll_usb.o
                0x0000000008003e18                USB_ReadPacket
 .text.USB_EPSetStall
                0x0000000008003ec8       0xdc ./Drivers/STM32F4xx_HAL_Driver/Src/stm32f4xx_ll_usb.o
                0x0000000008003ec8                USB_EPSetStall
 .text.USB_EPClearStall
                0x0000000008003fa4       0xcc ./Drivers/STM32F4xx_HAL_Driver/Src/stm32f4xx_ll_usb.o
                0x0000000008003fa4                USB_EPClearStall
 .text.USB_SetDevAddress
                0x0000000008004070       0x4c ./Drivers/STM32F4xx_HAL_Driver/Src/stm32f4xx_ll_usb.o
                0x0000000008004070                USB_SetDevAddress
 .text.USB_DevConnect
                0x00000000080040bc       0x42 ./Drivers/STM32F4xx_HAL_Driver/Src/stm32f4xx_ll_usb.o
                0x00000000080040bc                USB_DevConnect
 .text.USB_DevDisconnect
                0x00000000080040fe       0x42 ./Drivers/STM32F4xx_HAL_Driver/Src/stm32f4xx_ll_usb.o
                0x00000000080040fe                USB_DevDisconnect
 .text.USB_ReadInterrupts
                0x0000000008004140       0x26 ./Drivers/STM32F4xx_HAL_Driver/Src/stm32f4xx_ll_usb.o
                0x0000000008004140                USB_ReadInterrupts
 .text.USB_ReadDevAllOutEpInterrupt
                0x0000000008004166       0x34 ./Drivers/STM32F4xx_HAL_Driver/Src/stm32f4xx_ll_usb.o
                0x0000000008004166                USB_ReadDevAllOutEpInterrupt
 .text.USB_ReadDevAllInEpInterrupt
                0x000000000800419a       0x34 ./Drivers/STM32F4xx_HAL_Driver/Src/stm32f4xx_ll_usb.o
                0x000000000800419a                USB_ReadDevAllInEpInterrupt
 .text.USB_ReadDevOutEPInterrupt
                0x00000000080041ce       0x3c ./Drivers/STM32F4xx_HAL_Driver/Src/stm32f4xx_ll_usb.o
                0x00000000080041ce                USB_ReadDevOutEPInterrupt
 .text.USB_ReadDevInEPInterrupt
                0x000000000800420a       0x5c ./Drivers/STM32F4xx_HAL_Driver/Src/stm32f4xx_ll_usb.o
                0x000000000800420a                USB_ReadDevInEPInterrupt
 .text.USB_GetMode
                0x0000000008004266       0x1c ./Drivers/STM32F4xx_HAL_Driver/Src/stm32f4xx_ll_usb.o
                0x0000000008004266                USB_GetMode
 .text.USB_ActivateSetup
                0x0000000008004282       0x46 ./Drivers/STM32F4xx_HAL_Driver/Src/stm32f4xx_ll_usb.o
                0x0000000008004282                USB_ActivateSetup
 .text.USB_EP0_OutStart
                0x00000000080042c8       0xbc ./Drivers/STM32F4xx_HAL_Driver/Src/stm32f4xx_ll_usb.o
                0x00000000080042c8                USB_EP0_OutStart
 .text.USB_CoreReset
                0x0000000008004384       0x68 ./Drivers/STM32F4xx_HAL_Driver/Src/stm32f4xx_ll_usb.o
 .text.USBD_HID_Init
                0x00000000080043ec       0xcc ./Middlewares/ST/STM32_USB_Device_Library/Class/HID/Src/usbd_hid.o
 .text.USBD_HID_DeInit
                0x00000000080044b8       0x90 ./Middlewares/ST/STM32_USB_Device_Library/Class/HID/Src/usbd_hid.o
 .text.USBD_HID_Setup
                0x0000000008004548      0x210 ./Middlewares/ST/STM32_USB_Device_Library/Class/HID/Src/usbd_hid.o
 .text.USBD_HID_SendReport
                0x0000000008004758       0x60 ./Middlewares/ST/STM32_USB_Device_Library/Class/HID/Src/usbd_hid.o
                0x0000000008004758                USBD_HID_SendReport
 .text.USBD_HID_GetFSCfgDesc
                0x00000000080047b8       0x34 ./Middlewares/ST/STM32_USB_Device_Library/Class/HID/Src/usbd_hid.o
 .text.USBD_HID_GetHSCfgDesc
                0x00000000080047ec       0x34 ./Middlewares/ST/STM32_USB_Device_Library/Class/HID/Src/usbd_hid.o
 .text.USBD_HID_GetOtherSpeedCfgDesc
                0x0000000008004820       0x34 ./Middlewares/ST/STM32_USB_Device_Library/Class/HID/Src/usbd_hid.o
 .text.USBD_HID_DataIn
                0x0000000008004854       0x2c ./Middlewares/ST/STM32_USB_Device_Library/Class/HID/Src/usbd_hid.o
 .text.USBD_HID_GetDeviceQualifierDesc
                0x0000000008004880       0x20 ./Middlewares/ST/STM32_USB_Device_Library/Class/HID/Src/usbd_hid.o
 .text.USBD_Init
                0x00000000080048a0       0x60 ./Middlewares/ST/STM32_USB_Device_Library/Core/Src/usbd_core.o
                0x00000000080048a0                USBD_Init
 .text.USBD_RegisterClass
                0x0000000008004900       0x6c ./Middlewares/ST/STM32_USB_Device_Library/Core/Src/usbd_core.o
                0x0000000008004900                USBD_RegisterClass
 .text.USBD_Start
                0x000000000800496c       0x18 ./Middlewares/ST/STM32_USB_Device_Library/Core/Src/usbd_core.o
                0x000000000800496c                USBD_Start
 .text.USBD_RunTestMode
                0x0000000008004984       0x16 ./Middlewares/ST/STM32_USB_Device_Library/Core/Src/usbd_core.o
                0x0000000008004984                USBD_RunTestMode
 .text.USBD_SetClassConfig
                0x000000000800499a       0x38 ./Middlewares/ST/STM32_USB_Device_Library/Core/Src/usbd_core.o
                0x000000000800499a                USBD_SetClassConfig
 .text.USBD_ClrClassConfig
                0x00000000080049d2       0x34 ./Middlewares/ST/STM32_USB_Device_Library/Core/Src/usbd_core.o
                0x00000000080049d2                USBD_ClrClassConfig
 .text.USBD_LL_SetupStage
                0x0000000008004a06       0xaa ./Middlewares/ST/STM32_USB_Device_Library/Core/Src/usbd_core.o
                0x0000000008004a06                USBD_LL_SetupStage
 .text.USBD_LL_DataOutStage
                0x0000000008004ab0      0x166 ./Middlewares/ST/STM32_USB_Device_Library/Core/Src/usbd_core.o
                0x0000000008004ab0                USBD_LL_DataOutStage
 .text.USBD_LL_DataInStage
                0x0000000008004c16      0x164 ./Middlewares/ST/STM32_USB_Device_Library/Core/Src/usbd_core.o
                0x0000000008004c16                USBD_LL_DataInStage
 .text.USBD_LL_Reset
                0x0000000008004d7a       0xa4 ./Middlewares/ST/STM32_USB_Device_Library/Core/Src/usbd_core.o
                0x0000000008004d7a                USBD_LL_Reset
 .text.USBD_LL_SetSpeed
                0x0000000008004e1e       0x20 ./Middlewares/ST/STM32_USB_Device_Library/Core/Src/usbd_core.o
                0x0000000008004e1e                USBD_LL_SetSpeed
 .text.USBD_LL_Suspend
                0x0000000008004e3e       0x2c ./Middlewares/ST/STM32_USB_Device_Library/Core/Src/usbd_core.o
                0x0000000008004e3e                USBD_LL_Suspend
 .text.USBD_LL_Resume
                0x0000000008004e6a       0x30 ./Middlewares/ST/STM32_USB_Device_Library/Core/Src/usbd_core.o
                0x0000000008004e6a                USBD_LL_Resume
 .text.USBD_LL_SOF
                0x0000000008004e9a       0x40 ./Middlewares/ST/STM32_USB_Device_Library/Core/Src/usbd_core.o
                0x0000000008004e9a                USBD_LL_SOF
 .text.USBD_LL_IsoINIncomplete
                0x0000000008004eda       0x64 ./Middlewares/ST/STM32_USB_Device_Library/Core/Src/usbd_core.o
                0x0000000008004eda                USBD_LL_IsoINIncomplete
 .text.USBD_LL_IsoOUTIncomplete
                0x0000000008004f3e       0x64 ./Middlewares/ST/STM32_USB_Device_Library/Core/Src/usbd_core.o
                0x0000000008004f3e                USBD_LL_IsoOUTIncomplete
 .text.USBD_LL_DevConnected
                0x0000000008004fa2       0x16 ./Middlewares/ST/STM32_USB_Device_Library/Core/Src/usbd_core.o
                0x0000000008004fa2                USBD_LL_DevConnected
 .text.USBD_LL_DevDisconnected
                0x0000000008004fb8       0x46 ./Middlewares/ST/STM32_USB_Device_Library/Core/Src/usbd_core.o
                0x0000000008004fb8                USBD_LL_DevDisconnected
 .text.USBD_CoreFindIF
                0x0000000008004ffe       0x1a ./Middlewares/ST/STM32_USB_Device_Library/Core/Src/usbd_core.o
                0x0000000008004ffe                USBD_CoreFindIF
 .text.USBD_CoreFindEP
                0x0000000008005018       0x1a ./Middlewares/ST/STM32_USB_Device_Library/Core/Src/usbd_core.o
                0x0000000008005018                USBD_CoreFindEP
 .text.USBD_GetEpDesc
                0x0000000008005032       0x74 ./Middlewares/ST/STM32_USB_Device_Library/Core/Src/usbd_core.o
                0x0000000008005032                USBD_GetEpDesc
 .text.USBD_GetNextDesc
                0x00000000080050a6       0x3a ./Middlewares/ST/STM32_USB_Device_Library/Core/Src/usbd_core.o
                0x00000000080050a6                USBD_GetNextDesc
 .text.SWAPBYTE
                0x00000000080050e0       0x3c ./Middlewares/ST/STM32_USB_Device_Library/Core/Src/usbd_ctlreq.o
 .text.USBD_StdDevReq
                0x000000000800511c       0xe4 ./Middlewares/ST/STM32_USB_Device_Library/Core/Src/usbd_ctlreq.o
                0x000000000800511c                USBD_StdDevReq
 .text.USBD_StdItfReq
                0x0000000008005200       0xd8 ./Middlewares/ST/STM32_USB_Device_Library/Core/Src/usbd_ctlreq.o
                0x0000000008005200                USBD_StdItfReq
 .text.USBD_StdEPReq
                0x00000000080052d8      0x33a ./Middlewares/ST/STM32_USB_Device_Library/Core/Src/usbd_ctlreq.o
                0x00000000080052d8                USBD_StdEPReq
 *fill*         0x0000000008005612        0x2 
 .text.USBD_GetDescriptor
                0x0000000008005614      0x2d4 ./Middlewares/ST/STM32_USB_Device_Library/Core/Src/usbd_ctlreq.o
 .text.USBD_SetAddress
                0x00000000080058e8       0x88 ./Middlewares/ST/STM32_USB_Device_Library/Core/Src/usbd_ctlreq.o
 .text.USBD_SetConfig
                0x0000000008005970      0x154 ./Middlewares/ST/STM32_USB_Device_Library/Core/Src/usbd_ctlreq.o
 .text.USBD_GetConfig
                0x0000000008005ac4       0x6c ./Middlewares/ST/STM32_USB_Device_Library/Core/Src/usbd_ctlreq.o
 .text.USBD_GetStatus
                0x0000000008005b30       0x68 ./Middlewares/ST/STM32_USB_Device_Library/Core/Src/usbd_ctlreq.o
 .text.USBD_SetFeature
                0x0000000008005b98       0x52 ./Middlewares/ST/STM32_USB_Device_Library/Core/Src/usbd_ctlreq.o
 .text.USBD_ClrFeature
                0x0000000008005bea       0x44 ./Middlewares/ST/STM32_USB_Device_Library/Core/Src/usbd_ctlreq.o
 .text.USBD_ParseSetupRequest
                0x0000000008005c2e       0x74 ./Middlewares/ST/STM32_USB_Device_Library/Core/Src/usbd_ctlreq.o
                0x0000000008005c2e                USBD_ParseSetupRequest
 .text.USBD_CtlError
                0x0000000008005ca2       0x22 ./Middlewares/ST/STM32_USB_Device_Library/Core/Src/usbd_ctlreq.o
                0x0000000008005ca2                USBD_CtlError
 .text.USBD_GetString
                0x0000000008005cc4       0x8c ./Middlewares/ST/STM32_USB_Device_Library/Core/Src/usbd_ctlreq.o
                0x0000000008005cc4                USBD_GetString
 .text.USBD_GetLen
                0x0000000008005d50       0x34 ./Middlewares/ST/STM32_USB_Device_Library/Core/Src/usbd_ctlreq.o
 .text.USBD_CtlSendData
                0x0000000008005d84       0x36 ./Middlewares/ST/STM32_USB_Device_Library/Core/Src/usbd_ioreq.o
                0x0000000008005d84                USBD_CtlSendData
 .text.USBD_CtlContinueSendData
                0x0000000008005dba       0x22 ./Middlewares/ST/STM32_USB_Device_Library/Core/Src/usbd_ioreq.o
                0x0000000008005dba                USBD_CtlContinueSendData
 .text.USBD_CtlContinueRx
                0x0000000008005ddc       0x22 ./Middlewares/ST/STM32_USB_Device_Library/Core/Src/usbd_ioreq.o
                0x0000000008005ddc                USBD_CtlContinueRx
 .text.USBD_CtlSendStatus
                0x0000000008005dfe       0x26 ./Middlewares/ST/STM32_USB_Device_Library/Core/Src/usbd_ioreq.o
                0x0000000008005dfe                USBD_CtlSendStatus
 .text.USBD_CtlReceiveStatus
                0x0000000008005e24       0x26 ./Middlewares/ST/STM32_USB_Device_Library/Core/Src/usbd_ioreq.o
                0x0000000008005e24                USBD_CtlReceiveStatus
 *fill*         0x0000000008005e4a        0x2 
 .text.MX_USB_DEVICE_Init
                0x0000000008005e4c       0x4c ./USB_DEVICE/App/usb_device.o
                0x0000000008005e4c                MX_USB_DEVICE_Init
 .text.USBD_FS_DeviceDescriptor
                0x0000000008005e98       0x24 ./USB_DEVICE/App/usbd_desc.o
                0x0000000008005e98                USBD_FS_DeviceDescriptor
 .text.USBD_FS_LangIDStrDescriptor
                0x0000000008005ebc       0x24 ./USB_DEVICE/App/usbd_desc.o
                0x0000000008005ebc                USBD_FS_LangIDStrDescriptor
 .text.USBD_FS_ProductStrDescriptor
                0x0000000008005ee0       0x3c ./USB_DEVICE/App/usbd_desc.o
                0x0000000008005ee0                USBD_FS_ProductStrDescriptor
 .text.USBD_FS_ManufacturerStrDescriptor
                0x0000000008005f1c       0x28 ./USB_DEVICE/App/usbd_desc.o
                0x0000000008005f1c                USBD_FS_ManufacturerStrDescriptor
 .text.USBD_FS_SerialStrDescriptor
                0x0000000008005f44       0x24 ./USB_DEVICE/App/usbd_desc.o
                0x0000000008005f44                USBD_FS_SerialStrDescriptor
 .text.USBD_FS_ConfigStrDescriptor
                0x0000000008005f68       0x3c ./USB_DEVICE/App/usbd_desc.o
                0x0000000008005f68                USBD_FS_ConfigStrDescriptor
 .text.USBD_FS_InterfaceStrDescriptor
                0x0000000008005fa4       0x3c ./USB_DEVICE/App/usbd_desc.o
                0x0000000008005fa4                USBD_FS_InterfaceStrDescriptor
 .text.Get_SerialNum
                0x0000000008005fe0       0x58 ./USB_DEVICE/App/usbd_desc.o
 .text.IntToUnicode
                0x0000000008006038       0x7e ./USB_DEVICE/App/usbd_desc.o
 *fill*         0x00000000080060b6        0x2 
 .text.HAL_PCD_MspInit
                0x00000000080060b8       0xa8 ./USB_DEVICE/Target/usbd_conf.o
                0x00000000080060b8                HAL_PCD_MspInit
 .text.HAL_PCD_SetupStageCallback
                0x0000000008006160       0x24 ./USB_DEVICE/Target/usbd_conf.o
                0x0000000008006160                HAL_PCD_SetupStageCallback
 .text.HAL_PCD_DataOutStageCallback
                0x0000000008006184       0x36 ./USB_DEVICE/Target/usbd_conf.o
                0x0000000008006184                HAL_PCD_DataOutStageCallback
 .text.HAL_PCD_DataInStageCallback
                0x00000000080061ba       0x34 ./USB_DEVICE/Target/usbd_conf.o
                0x00000000080061ba                HAL_PCD_DataInStageCallback
 .text.HAL_PCD_SOFCallback
                0x00000000080061ee       0x1c ./USB_DEVICE/Target/usbd_conf.o
                0x00000000080061ee                HAL_PCD_SOFCallback
 .text.HAL_PCD_ResetCallback
                0x000000000800620a       0x50 ./USB_DEVICE/Target/usbd_conf.o
                0x000000000800620a                HAL_PCD_ResetCallback
 *fill*         0x000000000800625a        0x2 
 .text.HAL_PCD_SuspendCallback
                0x000000000800625c       0x4c ./USB_DEVICE/Target/usbd_conf.o
                0x000000000800625c                HAL_PCD_SuspendCallback
 .text.HAL_PCD_ResumeCallback
                0x00000000080062a8       0x1c ./USB_DEVICE/Target/usbd_conf.o
                0x00000000080062a8                HAL_PCD_ResumeCallback
 .text.HAL_PCD_ISOOUTIncompleteCallback
                0x00000000080062c4       0x24 ./USB_DEVICE/Target/usbd_conf.o
                0x00000000080062c4                HAL_PCD_ISOOUTIncompleteCallback
 .text.HAL_PCD_ISOINIncompleteCallback
                0x00000000080062e8       0x24 ./USB_DEVICE/Target/usbd_conf.o
                0x00000000080062e8                HAL_PCD_ISOINIncompleteCallback
 .text.HAL_PCD_ConnectCallback
                0x000000000800630c       0x1c ./USB_DEVICE/Target/usbd_conf.o
                0x000000000800630c                HAL_PCD_ConnectCallback
 .text.HAL_PCD_DisconnectCallback
                0x0000000008006328       0x1c ./USB_DEVICE/Target/usbd_conf.o
                0x0000000008006328                HAL_PCD_DisconnectCallback
 .text.USBD_LL_Init
                0x0000000008006344       0x98 ./USB_DEVICE/Target/usbd_conf.o
                0x0000000008006344                USBD_LL_Init
 .text.USBD_LL_Start
                0x00000000080063dc       0x36 ./USB_DEVICE/Target/usbd_conf.o
                0x00000000080063dc                USBD_LL_Start
 .text.USBD_LL_OpenEP
                0x0000000008006412       0x4c ./USB_DEVICE/Target/usbd_conf.o
                0x0000000008006412                USBD_LL_OpenEP
 .text.USBD_LL_CloseEP
                0x000000000800645e       0x3e ./USB_DEVICE/Target/usbd_conf.o
                0x000000000800645e                USBD_LL_CloseEP
 .text.USBD_LL_StallEP
                0x000000000800649c       0x3e ./USB_DEVICE/Target/usbd_conf.o
                0x000000000800649c                USBD_LL_StallEP
 .text.USBD_LL_ClearStallEP
                0x00000000080064da       0x3e ./USB_DEVICE/Target/usbd_conf.o
                0x00000000080064da                USBD_LL_ClearStallEP
 .text.USBD_LL_IsStallEP
                0x0000000008006518       0x58 ./USB_DEVICE/Target/usbd_conf.o
                0x0000000008006518                USBD_LL_IsStallEP
 .text.USBD_LL_SetUSBAddress
                0x0000000008006570       0x3e ./USB_DEVICE/Target/usbd_conf.o
                0x0000000008006570                USBD_LL_SetUSBAddress
 .text.USBD_LL_Transmit
                0x00000000080065ae       0x42 ./USB_DEVICE/Target/usbd_conf.o
                0x00000000080065ae                USBD_LL_Transmit
 .text.USBD_LL_PrepareReceive
                0x00000000080065f0       0x42 ./USB_DEVICE/Target/usbd_conf.o
                0x00000000080065f0                USBD_LL_PrepareReceive
 *fill*         0x0000000008006632        0x2 
 .text.USBD_static_malloc
                0x0000000008006634       0x1c ./USB_DEVICE/Target/usbd_conf.o
                0x0000000008006634                USBD_static_malloc
 .text.USBD_static_free
                0x0000000008006650       0x14 ./USB_DEVICE/Target/usbd_conf.o
                0x0000000008006650                USBD_static_free
 .text.USBD_Get_USB_Status
                0x0000000008006664       0x58 ./USB_DEVICE/Target/usbd_conf.o
                0x0000000008006664                USBD_Get_USB_Status
 .text.__libc_init_array
                0x00000000080066bc       0x48 c:/st/stm32cubeide_1.10.1/stm32cubeide/plugins/com.st.stm32cube.ide.mcu.externaltools.gnu-tools-for-stm32.10.3-2021.10.win32_1.0.0.202111181127/tools/bin/../lib/gcc/arm-none-eabi/10.3.1/../../../../arm-none-eabi/lib/thumb/v7e-m+fp/hard\libc_nano.a(lib_a-init.o)
                0x00000000080066bc                __libc_init_array
 .text.memset   0x0000000008006704       0x10 c:/st/stm32cubeide_1.10.1/stm32cubeide/plugins/com.st.stm32cube.ide.mcu.externaltools.gnu-tools-for-stm32.10.3-2021.10.win32_1.0.0.202111181127/tools/bin/../lib/gcc/arm-none-eabi/10.3.1/../../../../arm-none-eabi/lib/thumb/v7e-m+fp/hard\libc_nano.a(lib_a-memset.o)
                0x0000000008006704                memset
 *(.glue_7)
 .glue_7        0x0000000008006714        0x0 linker stubs
 *(.glue_7t)
 .glue_7t       0x0000000008006714        0x0 linker stubs
 *(.eh_frame)
 .eh_frame      0x0000000008006714        0x0 c:/st/stm32cubeide_1.10.1/stm32cubeide/plugins/com.st.stm32cube.ide.mcu.externaltools.gnu-tools-for-stm32.10.3-2021.10.win32_1.0.0.202111181127/tools/bin/../lib/gcc/arm-none-eabi/10.3.1/thumb/v7e-m+fp/hard/crtbegin.o
 *(.init)
 .init          0x0000000008006714        0x4 c:/st/stm32cubeide_1.10.1/stm32cubeide/plugins/com.st.stm32cube.ide.mcu.externaltools.gnu-tools-for-stm32.10.3-2021.10.win32_1.0.0.202111181127/tools/bin/../lib/gcc/arm-none-eabi/10.3.1/thumb/v7e-m+fp/hard/crti.o
                0x0000000008006714                _init
 .init          0x0000000008006718        0x8 c:/st/stm32cubeide_1.10.1/stm32cubeide/plugins/com.st.stm32cube.ide.mcu.externaltools.gnu-tools-for-stm32.10.3-2021.10.win32_1.0.0.202111181127/tools/bin/../lib/gcc/arm-none-eabi/10.3.1/thumb/v7e-m+fp/hard/crtn.o
 *(.fini)
 .fini          0x0000000008006720        0x4 c:/st/stm32cubeide_1.10.1/stm32cubeide/plugins/com.st.stm32cube.ide.mcu.externaltools.gnu-tools-for-stm32.10.3-2021.10.win32_1.0.0.202111181127/tools/bin/../lib/gcc/arm-none-eabi/10.3.1/thumb/v7e-m+fp/hard/crti.o
                0x0000000008006720                _fini
 .fini          0x0000000008006724        0x8 c:/st/stm32cubeide_1.10.1/stm32cubeide/plugins/com.st.stm32cube.ide.mcu.externaltools.gnu-tools-for-stm32.10.3-2021.10.win32_1.0.0.202111181127/tools/bin/../lib/gcc/arm-none-eabi/10.3.1/thumb/v7e-m+fp/hard/crtn.o
                0x000000000800672c                . = ALIGN (0x4)
                0x000000000800672c                _etext = .

.vfp11_veneer   0x000000000800672c        0x0
 .vfp11_veneer  0x000000000800672c        0x0 linker stubs

.v4_bx          0x000000000800672c        0x0
 .v4_bx         0x000000000800672c        0x0 linker stubs

.iplt           0x000000000800672c        0x0
 .iplt          0x000000000800672c        0x0 c:/st/stm32cubeide_1.10.1/stm32cubeide/plugins/com.st.stm32cube.ide.mcu.externaltools.gnu-tools-for-stm32.10.3-2021.10.win32_1.0.0.202111181127/tools/bin/../lib/gcc/arm-none-eabi/10.3.1/thumb/v7e-m+fp/hard/crtbegin.o

.rodata         0x000000000800672c       0x58
                0x000000000800672c                . = ALIGN (0x4)
 *(.rodata)
 .rodata        0x000000000800672c       0x46 ./USB_DEVICE/App/usbd_desc.o
 *(.rodata*)
 *fill*         0x0000000008006772        0x2 
 .rodata.AHBPrescTable
                0x0000000008006774       0x10 ./Core/Src/system_stm32f4xx.o
                0x0000000008006774                AHBPrescTable
                0x0000000008006784                . = ALIGN (0x4)

.ARM.extab      0x0000000008006784        0x0
                0x0000000008006784                . = ALIGN (0x4)
 *(.ARM.extab* .gnu.linkonce.armextab.*)
                0x0000000008006784                . = ALIGN (0x4)

.ARM            0x0000000008006784        0x8
                0x0000000008006784                . = ALIGN (0x4)
                0x0000000008006784                __exidx_start = .
 *(.ARM.exidx*)
 .ARM.exidx     0x0000000008006784        0x8 c:/st/stm32cubeide_1.10.1/stm32cubeide/plugins/com.st.stm32cube.ide.mcu.externaltools.gnu-tools-for-stm32.10.3-2021.10.win32_1.0.0.202111181127/tools/bin/../lib/gcc/arm-none-eabi/10.3.1/thumb/v7e-m+fp/hard\libgcc.a(_udivmoddi4.o)
                0x000000000800678c                __exidx_end = .
                0x000000000800678c                . = ALIGN (0x4)

.rel.dyn        0x000000000800678c        0x0
 .rel.iplt      0x000000000800678c        0x0 c:/st/stm32cubeide_1.10.1/stm32cubeide/plugins/com.st.stm32cube.ide.mcu.externaltools.gnu-tools-for-stm32.10.3-2021.10.win32_1.0.0.202111181127/tools/bin/../lib/gcc/arm-none-eabi/10.3.1/thumb/v7e-m+fp/hard/crtbegin.o

.preinit_array  0x000000000800678c        0x0
                0x000000000800678c                . = ALIGN (0x4)
                0x000000000800678c                PROVIDE (__preinit_array_start = .)
 *(.preinit_array*)
                0x000000000800678c                PROVIDE (__preinit_array_end = .)
                0x000000000800678c                . = ALIGN (0x4)

.init_array     0x000000000800678c        0x4
                0x000000000800678c                . = ALIGN (0x4)
                0x000000000800678c                PROVIDE (__init_array_start = .)
 *(SORT_BY_NAME(.init_array.*))
 *(.init_array*)
 .init_array    0x000000000800678c        0x4 c:/st/stm32cubeide_1.10.1/stm32cubeide/plugins/com.st.stm32cube.ide.mcu.externaltools.gnu-tools-for-stm32.10.3-2021.10.win32_1.0.0.202111181127/tools/bin/../lib/gcc/arm-none-eabi/10.3.1/thumb/v7e-m+fp/hard/crtbegin.o
                0x0000000008006790                PROVIDE (__init_array_end = .)
                0x0000000008006790                . = ALIGN (0x4)

.fini_array     0x0000000008006790        0x4
                0x0000000008006790                . = ALIGN (0x4)
                [!provide]                        PROVIDE (__fini_array_start = .)
 *(SORT_BY_NAME(.fini_array.*))
 *(.fini_array*)
 .fini_array    0x0000000008006790        0x4 c:/st/stm32cubeide_1.10.1/stm32cubeide/plugins/com.st.stm32cube.ide.mcu.externaltools.gnu-tools-for-stm32.10.3-2021.10.win32_1.0.0.202111181127/tools/bin/../lib/gcc/arm-none-eabi/10.3.1/thumb/v7e-m+fp/hard/crtbegin.o
                [!provide]                        PROVIDE (__fini_array_end = .)
                0x0000000008006794                . = ALIGN (0x4)
                0x0000000008006794                _sidata = LOADADDR (.data)

.data           0x0000000020000000      0x110 load address 0x0000000008006794
                0x0000000020000000                . = ALIGN (0x4)
                0x0000000020000000                _sdata = .
 *(.data)
 *(.data*)
 .data.SystemCoreClock
                0x0000000020000000        0x4 ./Core/Src/system_stm32f4xx.o
                0x0000000020000000                SystemCoreClock
 .data.uwTickPrio
                0x0000000020000004        0x4 ./Drivers/STM32F4xx_HAL_Driver/Src/stm32f4xx_hal.o
                0x0000000020000004                uwTickPrio
 .data.uwTickFreq
                0x0000000020000008        0x1 ./Drivers/STM32F4xx_HAL_Driver/Src/stm32f4xx_hal.o
                0x0000000020000008                uwTickFreq
 *fill*         0x0000000020000009        0x3 
 .data.USBD_HID
                0x000000002000000c       0x38 ./Middlewares/ST/STM32_USB_Device_Library/Class/HID/Src/usbd_hid.o
                0x000000002000000c                USBD_HID
 .data.USBD_HID_CfgDesc
                0x0000000020000044       0x22 ./Middlewares/ST/STM32_USB_Device_Library/Class/HID/Src/usbd_hid.o
 *fill*         0x0000000020000066        0x2 
 .data.USBD_HID_Desc
                0x0000000020000068        0x9 ./Middlewares/ST/STM32_USB_Device_Library/Class/HID/Src/usbd_hid.o
 *fill*         0x0000000020000071        0x3 
 .data.USBD_HID_DeviceQualifierDesc
                0x0000000020000074        0xa ./Middlewares/ST/STM32_USB_Device_Library/Class/HID/Src/usbd_hid.o
 *fill*         0x000000002000007e        0x2 
 .data.HID_MOUSE_ReportDesc
                0x0000000020000080       0x3f ./Middlewares/ST/STM32_USB_Device_Library/Class/HID/Src/usbd_hid.o
 .data.HIDInEpAdd
                0x00000000200000bf        0x1 ./Middlewares/ST/STM32_USB_Device_Library/Class/HID/Src/usbd_hid.o
 .data.FS_Desc  0x00000000200000c0       0x1c ./USB_DEVICE/App/usbd_desc.o
                0x00000000200000c0                FS_Desc
 .data.USBD_FS_DeviceDesc
                0x00000000200000dc       0x12 ./USB_DEVICE/App/usbd_desc.o
                0x00000000200000dc                USBD_FS_DeviceDesc
 *fill*         0x00000000200000ee        0x2 
 .data.USBD_LangIDDesc
                0x00000000200000f0        0x4 ./USB_DEVICE/App/usbd_desc.o
                0x00000000200000f0                USBD_LangIDDesc
 .data.USBD_StringSerial
                0x00000000200000f4       0x1a ./USB_DEVICE/App/usbd_desc.o
                0x00000000200000f4                USBD_StringSerial
 *(.RamFunc)
 *(.RamFunc*)
                0x0000000020000110                . = ALIGN (0x4)
 *fill*         0x000000002000010e        0x2 
                0x0000000020000110                _edata = .
                0x00000000080068a4                _siccmram = LOADADDR (.ccmram)

.igot.plt       0x0000000020000110        0x0 load address 0x00000000080068a4
 .igot.plt      0x0000000020000110        0x0 c:/st/stm32cubeide_1.10.1/stm32cubeide/plugins/com.st.stm32cube.ide.mcu.externaltools.gnu-tools-for-stm32.10.3-2021.10.win32_1.0.0.202111181127/tools/bin/../lib/gcc/arm-none-eabi/10.3.1/thumb/v7e-m+fp/hard/crtbegin.o

.ccmram         0x0000000010000000        0x0 load address 0x00000000080068a4
                0x0000000010000000                . = ALIGN (0x4)
                0x0000000010000000                _sccmram = .
 *(.ccmram)
 *(.ccmram*)
                0x0000000010000000                . = ALIGN (0x4)
                0x0000000010000000                _eccmram = .
                0x0000000010000000                . = ALIGN (0x4)

.bss            0x0000000020000110      0xa28
                0x0000000020000110                _sbss = .
                0x0000000020000110                __bss_start__ = _sbss
 *(.bss)
 .bss           0x0000000020000110       0x1c c:/st/stm32cubeide_1.10.1/stm32cubeide/plugins/com.st.stm32cube.ide.mcu.externaltools.gnu-tools-for-stm32.10.3-2021.10.win32_1.0.0.202111181127/tools/bin/../lib/gcc/arm-none-eabi/10.3.1/thumb/v7e-m+fp/hard/crtbegin.o
 *(.bss*)
 .bss.keyBoardHIDsub
                0x000000002000012c        0x8 ./Core/Src/main.o
                0x000000002000012c                keyBoardHIDsub
 .bss.uwTick    0x0000000020000134        0x4 ./Drivers/STM32F4xx_HAL_Driver/Src/stm32f4xx_hal.o
                0x0000000020000134                uwTick
 .bss.cfgidx.0  0x0000000020000138        0x1 ./Middlewares/ST/STM32_USB_Device_Library/Core/Src/usbd_ctlreq.o
 *fill*         0x0000000020000139        0x3 
 .bss.hUsbDeviceFS
                0x000000002000013c      0x2dc ./USB_DEVICE/App/usb_device.o
                0x000000002000013c                hUsbDeviceFS
 .bss.USBD_StrDesc
                0x0000000020000418      0x200 ./USB_DEVICE/App/usbd_desc.o
                0x0000000020000418                USBD_StrDesc
 .bss.hpcd_USB_OTG_FS
                0x0000000020000618      0x50c ./USB_DEVICE/Target/usbd_conf.o
                0x0000000020000618                hpcd_USB_OTG_FS
 .bss.mem.0     0x0000000020000b24       0x14 ./USB_DEVICE/Target/usbd_conf.o
 *(COMMON)
                0x0000000020000b38                . = ALIGN (0x4)
                0x0000000020000b38                _ebss = .
                0x0000000020000b38                __bss_end__ = _ebss

._user_heap_stack
                0x0000000020000b38      0x600
                0x0000000020000b38                . = ALIGN (0x8)
                [!provide]                        PROVIDE (end = .)
                0x0000000020000b38                PROVIDE (_end = .)
                0x0000000020000d38                . = (. + _Min_Heap_Size)
 *fill*         0x0000000020000b38      0x200 
                0x0000000020001138                . = (. + _Min_Stack_Size)
 *fill*         0x0000000020000d38      0x400 
                0x0000000020001138                . = ALIGN (0x8)

/DISCARD/
 libc.a(*)
 libm.a(*)
 libgcc.a(*)

.ARM.attributes
                0x0000000000000000       0x30
 *(.ARM.attributes)
 .ARM.attributes
                0x0000000000000000       0x1e c:/st/stm32cubeide_1.10.1/stm32cubeide/plugins/com.st.stm32cube.ide.mcu.externaltools.gnu-tools-for-stm32.10.3-2021.10.win32_1.0.0.202111181127/tools/bin/../lib/gcc/arm-none-eabi/10.3.1/thumb/v7e-m+fp/hard/crti.o
 .ARM.attributes
                0x000000000000001e       0x34 c:/st/stm32cubeide_1.10.1/stm32cubeide/plugins/com.st.stm32cube.ide.mcu.externaltools.gnu-tools-for-stm32.10.3-2021.10.win32_1.0.0.202111181127/tools/bin/../lib/gcc/arm-none-eabi/10.3.1/thumb/v7e-m+fp/hard/crtbegin.o
 .ARM.attributes
                0x0000000000000052       0x34 ./Core/Src/main.o
 .ARM.attributes
                0x0000000000000086       0x34 ./Core/Src/stm32f4xx_hal_msp.o
 .ARM.attributes
                0x00000000000000ba       0x34 ./Core/Src/stm32f4xx_it.o
 .ARM.attributes
                0x00000000000000ee       0x34 ./Core/Src/system_stm32f4xx.o
 .ARM.attributes
                0x0000000000000122       0x21 ./Core/Startup/startup_stm32f407ighx.o
 .ARM.attributes
                0x0000000000000143       0x34 ./Drivers/STM32F4xx_HAL_Driver/Src/stm32f4xx_hal.o
 .ARM.attributes
                0x0000000000000177       0x34 ./Drivers/STM32F4xx_HAL_Driver/Src/stm32f4xx_hal_cortex.o
 .ARM.attributes
                0x00000000000001ab       0x34 ./Drivers/STM32F4xx_HAL_Driver/Src/stm32f4xx_hal_gpio.o
 .ARM.attributes
                0x00000000000001df       0x34 ./Drivers/STM32F4xx_HAL_Driver/Src/stm32f4xx_hal_pcd.o
 .ARM.attributes
                0x0000000000000213       0x34 ./Drivers/STM32F4xx_HAL_Driver/Src/stm32f4xx_hal_pcd_ex.o
 .ARM.attributes
                0x0000000000000247       0x34 ./Drivers/STM32F4xx_HAL_Driver/Src/stm32f4xx_hal_rcc.o
 .ARM.attributes
                0x000000000000027b       0x34 ./Drivers/STM32F4xx_HAL_Driver/Src/stm32f4xx_ll_usb.o
 .ARM.attributes
                0x00000000000002af       0x34 ./Middlewares/ST/STM32_USB_Device_Library/Class/HID/Src/usbd_hid.o
 .ARM.attributes
                0x00000000000002e3       0x34 ./Middlewares/ST/STM32_USB_Device_Library/Core/Src/usbd_core.o
 .ARM.attributes
                0x0000000000000317       0x34 ./Middlewares/ST/STM32_USB_Device_Library/Core/Src/usbd_ctlreq.o
 .ARM.attributes
                0x000000000000034b       0x34 ./Middlewares/ST/STM32_USB_Device_Library/Core/Src/usbd_ioreq.o
 .ARM.attributes
                0x000000000000037f       0x34 ./USB_DEVICE/App/usb_device.o
 .ARM.attributes
                0x00000000000003b3       0x34 ./USB_DEVICE/App/usbd_desc.o
 .ARM.attributes
                0x00000000000003e7       0x34 ./USB_DEVICE/Target/usbd_conf.o
 .ARM.attributes
                0x000000000000041b       0x34 c:/st/stm32cubeide_1.10.1/stm32cubeide/plugins/com.st.stm32cube.ide.mcu.externaltools.gnu-tools-for-stm32.10.3-2021.10.win32_1.0.0.202111181127/tools/bin/../lib/gcc/arm-none-eabi/10.3.1/../../../../arm-none-eabi/lib/thumb/v7e-m+fp/hard\libc_nano.a(lib_a-init.o)
 .ARM.attributes
                0x000000000000044f       0x34 c:/st/stm32cubeide_1.10.1/stm32cubeide/plugins/com.st.stm32cube.ide.mcu.externaltools.gnu-tools-for-stm32.10.3-2021.10.win32_1.0.0.202111181127/tools/bin/../lib/gcc/arm-none-eabi/10.3.1/../../../../arm-none-eabi/lib/thumb/v7e-m+fp/hard\libc_nano.a(lib_a-memset.o)
 .ARM.attributes
                0x0000000000000483       0x1e c:/st/stm32cubeide_1.10.1/stm32cubeide/plugins/com.st.stm32cube.ide.mcu.externaltools.gnu-tools-for-stm32.10.3-2021.10.win32_1.0.0.202111181127/tools/bin/../lib/gcc/arm-none-eabi/10.3.1/thumb/v7e-m+fp/hard\libgcc.a(_aeabi_uldivmod.o)
 .ARM.attributes
                0x00000000000004a1       0x34 c:/st/stm32cubeide_1.10.1/stm32cubeide/plugins/com.st.stm32cube.ide.mcu.externaltools.gnu-tools-for-stm32.10.3-2021.10.win32_1.0.0.202111181127/tools/bin/../lib/gcc/arm-none-eabi/10.3.1/thumb/v7e-m+fp/hard\libgcc.a(_udivmoddi4.o)
 .ARM.attributes
                0x00000000000004d5       0x1e c:/st/stm32cubeide_1.10.1/stm32cubeide/plugins/com.st.stm32cube.ide.mcu.externaltools.gnu-tools-for-stm32.10.3-2021.10.win32_1.0.0.202111181127/tools/bin/../lib/gcc/arm-none-eabi/10.3.1/thumb/v7e-m+fp/hard\libgcc.a(_dvmd_tls.o)
 .ARM.attributes
                0x00000000000004f3       0x1e c:/st/stm32cubeide_1.10.1/stm32cubeide/plugins/com.st.stm32cube.ide.mcu.externaltools.gnu-tools-for-stm32.10.3-2021.10.win32_1.0.0.202111181127/tools/bin/../lib/gcc/arm-none-eabi/10.3.1/thumb/v7e-m+fp/hard/crtn.o
OUTPUT(usb_device.elf elf32-littlearm)
LOAD linker stubs
LOAD c:/st/stm32cubeide_1.10.1/stm32cubeide/plugins/com.st.stm32cube.ide.mcu.externaltools.gnu-tools-for-stm32.10.3-2021.10.win32_1.0.0.202111181127/tools/bin/../lib/gcc/arm-none-eabi/10.3.1/../../../../arm-none-eabi/lib/thumb/v7e-m+fp/hard\libc.a
LOAD c:/st/stm32cubeide_1.10.1/stm32cubeide/plugins/com.st.stm32cube.ide.mcu.externaltools.gnu-tools-for-stm32.10.3-2021.10.win32_1.0.0.202111181127/tools/bin/../lib/gcc/arm-none-eabi/10.3.1/../../../../arm-none-eabi/lib/thumb/v7e-m+fp/hard\libm.a
LOAD c:/st/stm32cubeide_1.10.1/stm32cubeide/plugins/com.st.stm32cube.ide.mcu.externaltools.gnu-tools-for-stm32.10.3-2021.10.win32_1.0.0.202111181127/tools/bin/../lib/gcc/arm-none-eabi/10.3.1/thumb/v7e-m+fp/hard\libgcc.a

.debug_info     0x0000000000000000     0xcf63
 .debug_info    0x0000000000000000      0xb16 ./Core/Src/main.o
 .debug_info    0x0000000000000b16      0x2bb ./Core/Src/stm32f4xx_hal_msp.o
 .debug_info    0x0000000000000dd1      0x650 ./Core/Src/stm32f4xx_it.o
 .debug_info    0x0000000000001421      0x523 ./Core/Src/system_stm32f4xx.o
 .debug_info    0x0000000000001944       0x22 ./Core/Startup/startup_stm32f407ighx.o
 .debug_info    0x0000000000001966      0x97c ./Drivers/STM32F4xx_HAL_Driver/Src/stm32f4xx_hal.o
 .debug_info    0x00000000000022e2      0xe1b ./Drivers/STM32F4xx_HAL_Driver/Src/stm32f4xx_hal_cortex.o
 .debug_info    0x00000000000030fd      0x76a ./Drivers/STM32F4xx_HAL_Driver/Src/stm32f4xx_hal_gpio.o
 .debug_info    0x0000000000003867     0x1695 ./Drivers/STM32F4xx_HAL_Driver/Src/stm32f4xx_hal_pcd.o
 .debug_info    0x0000000000004efc      0x717 ./Drivers/STM32F4xx_HAL_Driver/Src/stm32f4xx_hal_pcd_ex.o
 .debug_info    0x0000000000005613      0x966 ./Drivers/STM32F4xx_HAL_Driver/Src/stm32f4xx_hal_rcc.o
 .debug_info    0x0000000000005f79     0x1a97 ./Drivers/STM32F4xx_HAL_Driver/Src/stm32f4xx_ll_usb.o
 .debug_info    0x0000000000007a10      0xb0b ./Middlewares/ST/STM32_USB_Device_Library/Class/HID/Src/usbd_hid.o
 .debug_info    0x000000000000851b      0xee7 ./Middlewares/ST/STM32_USB_Device_Library/Core/Src/usbd_core.o
 .debug_info    0x0000000000009402      0xb7f ./Middlewares/ST/STM32_USB_Device_Library/Core/Src/usbd_ctlreq.o
 .debug_info    0x0000000000009f81      0x7da ./Middlewares/ST/STM32_USB_Device_Library/Core/Src/usbd_ioreq.o
 .debug_info    0x000000000000a75b      0x661 ./USB_DEVICE/App/usb_device.o
 .debug_info    0x000000000000adbc      0x498 ./USB_DEVICE/App/usbd_desc.o
 .debug_info    0x000000000000b254     0x1d0f ./USB_DEVICE/Target/usbd_conf.o

.debug_abbrev   0x0000000000000000     0x2651
 .debug_abbrev  0x0000000000000000      0x290 ./Core/Src/main.o
 .debug_abbrev  0x0000000000000290       0xf0 ./Core/Src/stm32f4xx_hal_msp.o
 .debug_abbrev  0x0000000000000380      0x199 ./Core/Src/stm32f4xx_it.o
 .debug_abbrev  0x0000000000000519      0x116 ./Core/Src/system_stm32f4xx.o
 .debug_abbrev  0x000000000000062f       0x12 ./Core/Startup/startup_stm32f407ighx.o
 .debug_abbrev  0x0000000000000641      0x20d ./Drivers/STM32F4xx_HAL_Driver/Src/stm32f4xx_hal.o
 .debug_abbrev  0x000000000000084e      0x316 ./Drivers/STM32F4xx_HAL_Driver/Src/stm32f4xx_hal_cortex.o
 .debug_abbrev  0x0000000000000b64      0x1c4 ./Drivers/STM32F4xx_HAL_Driver/Src/stm32f4xx_hal_gpio.o
 .debug_abbrev  0x0000000000000d28      0x2bb ./Drivers/STM32F4xx_HAL_Driver/Src/stm32f4xx_hal_pcd.o
 .debug_abbrev  0x0000000000000fe3      0x1ce ./Drivers/STM32F4xx_HAL_Driver/Src/stm32f4xx_hal_pcd_ex.o
 .debug_abbrev  0x00000000000011b1      0x2aa ./Drivers/STM32F4xx_HAL_Driver/Src/stm32f4xx_hal_rcc.o
 .debug_abbrev  0x000000000000145b      0x296 ./Drivers/STM32F4xx_HAL_Driver/Src/stm32f4xx_ll_usb.o
 .debug_abbrev  0x00000000000016f1      0x291 ./Middlewares/ST/STM32_USB_Device_Library/Class/HID/Src/usbd_hid.o
 .debug_abbrev  0x0000000000001982      0x263 ./Middlewares/ST/STM32_USB_Device_Library/Core/Src/usbd_core.o
 .debug_abbrev  0x0000000000001be5      0x25c ./Middlewares/ST/STM32_USB_Device_Library/Core/Src/usbd_ctlreq.o
 .debug_abbrev  0x0000000000001e41      0x18a ./Middlewares/ST/STM32_USB_Device_Library/Core/Src/usbd_ioreq.o
 .debug_abbrev  0x0000000000001fcb      0x181 ./USB_DEVICE/App/usb_device.o
 .debug_abbrev  0x000000000000214c      0x1da ./USB_DEVICE/App/usbd_desc.o
 .debug_abbrev  0x0000000000002326      0x32b ./USB_DEVICE/Target/usbd_conf.o

.debug_aranges  0x0000000000000000      0xac8
 .debug_aranges
                0x0000000000000000       0x38 ./Core/Src/main.o
 .debug_aranges
                0x0000000000000038       0x20 ./Core/Src/stm32f4xx_hal_msp.o
 .debug_aranges
                0x0000000000000058       0x68 ./Core/Src/stm32f4xx_it.o
 .debug_aranges
                0x00000000000000c0       0x28 ./Core/Src/system_stm32f4xx.o
 .debug_aranges
                0x00000000000000e8       0x28 ./Core/Startup/startup_stm32f407ighx.o
 .debug_aranges
                0x0000000000000110       0xf0 ./Drivers/STM32F4xx_HAL_Driver/Src/stm32f4xx_hal.o
 .debug_aranges
                0x0000000000000200      0x118 ./Drivers/STM32F4xx_HAL_Driver/Src/stm32f4xx_hal_cortex.o
 .debug_aranges
                0x0000000000000318       0x58 ./Drivers/STM32F4xx_HAL_Driver/Src/stm32f4xx_hal_gpio.o
 .debug_aranges
                0x0000000000000370      0x148 ./Drivers/STM32F4xx_HAL_Driver/Src/stm32f4xx_hal_pcd.o
 .debug_aranges
                0x00000000000004b8       0x38 ./Drivers/STM32F4xx_HAL_Driver/Src/stm32f4xx_hal_pcd_ex.o
 .debug_aranges
                0x00000000000004f0       0x88 ./Drivers/STM32F4xx_HAL_Driver/Src/stm32f4xx_hal_rcc.o
 .debug_aranges
                0x0000000000000578      0x1a0 ./Drivers/STM32F4xx_HAL_Driver/Src/stm32f4xx_ll_usb.o
 .debug_aranges
                0x0000000000000718       0x68 ./Middlewares/ST/STM32_USB_Device_Library/Class/HID/Src/usbd_hid.o
 .debug_aranges
                0x0000000000000780       0xd8 ./Middlewares/ST/STM32_USB_Device_Library/Core/Src/usbd_core.o
 .debug_aranges
                0x0000000000000858       0x90 ./Middlewares/ST/STM32_USB_Device_Library/Core/Src/usbd_ctlreq.o
 .debug_aranges
                0x00000000000008e8       0x50 ./Middlewares/ST/STM32_USB_Device_Library/Core/Src/usbd_ioreq.o
 .debug_aranges
                0x0000000000000938       0x20 ./USB_DEVICE/App/usb_device.o
 .debug_aranges
                0x0000000000000958       0x60 ./USB_DEVICE/App/usbd_desc.o
 .debug_aranges
                0x00000000000009b8      0x110 ./USB_DEVICE/Target/usbd_conf.o

.debug_ranges   0x0000000000000000      0x9a0
 .debug_ranges  0x0000000000000000       0x28 ./Core/Src/main.o
 .debug_ranges  0x0000000000000028       0x10 ./Core/Src/stm32f4xx_hal_msp.o
 .debug_ranges  0x0000000000000038       0x58 ./Core/Src/stm32f4xx_it.o
 .debug_ranges  0x0000000000000090       0x18 ./Core/Src/system_stm32f4xx.o
 .debug_ranges  0x00000000000000a8       0x20 ./Core/Startup/startup_stm32f407ighx.o
 .debug_ranges  0x00000000000000c8       0xe0 ./Drivers/STM32F4xx_HAL_Driver/Src/stm32f4xx_hal.o
 .debug_ranges  0x00000000000001a8      0x108 ./Drivers/STM32F4xx_HAL_Driver/Src/stm32f4xx_hal_cortex.o
 .debug_ranges  0x00000000000002b0       0x48 ./Drivers/STM32F4xx_HAL_Driver/Src/stm32f4xx_hal_gpio.o
 .debug_ranges  0x00000000000002f8      0x138 ./Drivers/STM32F4xx_HAL_Driver/Src/stm32f4xx_hal_pcd.o
 .debug_ranges  0x0000000000000430       0x28 ./Drivers/STM32F4xx_HAL_Driver/Src/stm32f4xx_hal_pcd_ex.o
 .debug_ranges  0x0000000000000458       0x78 ./Drivers/STM32F4xx_HAL_Driver/Src/stm32f4xx_hal_rcc.o
 .debug_ranges  0x00000000000004d0      0x190 ./Drivers/STM32F4xx_HAL_Driver/Src/stm32f4xx_ll_usb.o
 .debug_ranges  0x0000000000000660       0x58 ./Middlewares/ST/STM32_USB_Device_Library/Class/HID/Src/usbd_hid.o
 .debug_ranges  0x00000000000006b8       0xc8 ./Middlewares/ST/STM32_USB_Device_Library/Core/Src/usbd_core.o
 .debug_ranges  0x0000000000000780       0x80 ./Middlewares/ST/STM32_USB_Device_Library/Core/Src/usbd_ctlreq.o
 .debug_ranges  0x0000000000000800       0x40 ./Middlewares/ST/STM32_USB_Device_Library/Core/Src/usbd_ioreq.o
 .debug_ranges  0x0000000000000840       0x10 ./USB_DEVICE/App/usb_device.o
 .debug_ranges  0x0000000000000850       0x50 ./USB_DEVICE/App/usbd_desc.o
 .debug_ranges  0x00000000000008a0      0x100 ./USB_DEVICE/Target/usbd_conf.o

.debug_macro    0x0000000000000000    0x22726
 .debug_macro   0x0000000000000000      0x404 ./Core/Src/main.o
 .debug_macro   0x0000000000000404      0xa78 ./Core/Src/main.o
 .debug_macro   0x0000000000000e7c      0x295 ./Core/Src/main.o
 .debug_macro   0x0000000000001111       0x2e ./Core/Src/main.o
 .debug_macro   0x000000000000113f       0x2f ./Core/Src/main.o
 .debug_macro   0x000000000000116e       0x22 ./Core/Src/main.o
 .debug_macro   0x0000000000001190       0x8e ./Core/Src/main.o
 .debug_macro   0x000000000000121e       0x51 ./Core/Src/main.o
 .debug_macro   0x000000000000126f      0x103 ./Core/Src/main.o
 .debug_macro   0x0000000000001372       0x6a ./Core/Src/main.o
 .debug_macro   0x00000000000013dc      0x1df ./Core/Src/main.o
 .debug_macro   0x00000000000015bb       0x1c ./Core/Src/main.o
 .debug_macro   0x00000000000015d7       0x22 ./Core/Src/main.o
 .debug_macro   0x00000000000015f9       0xd9 ./Core/Src/main.o
 .debug_macro   0x00000000000016d2     0x102d ./Core/Src/main.o
 .debug_macro   0x00000000000026ff      0x11f ./Core/Src/main.o
 .debug_macro   0x000000000000281e    0x15e82 ./Core/Src/main.o
 .debug_macro   0x00000000000186a0       0x6d ./Core/Src/main.o
 .debug_macro   0x000000000001870d     0x367e ./Core/Src/main.o
 .debug_macro   0x000000000001bd8b      0x174 ./Core/Src/main.o
 .debug_macro   0x000000000001beff       0x5c ./Core/Src/main.o
 .debug_macro   0x000000000001bf5b      0x96b ./Core/Src/main.o
 .debug_macro   0x000000000001c8c6      0x9fe ./Core/Src/main.o
 .debug_macro   0x000000000001d2c4      0x115 ./Core/Src/main.o
 .debug_macro   0x000000000001d3d9      0x13e ./Core/Src/main.o
 .debug_macro   0x000000000001d517       0xa5 ./Core/Src/main.o
 .debug_macro   0x000000000001d5bc      0x174 ./Core/Src/main.o
 .debug_macro   0x000000000001d730      0x287 ./Core/Src/main.o
 .debug_macro   0x000000000001d9b7       0x5f ./Core/Src/main.o
 .debug_macro   0x000000000001da16      0x236 ./Core/Src/main.o
 .debug_macro   0x000000000001dc4c      0x12c ./Core/Src/main.o
 .debug_macro   0x000000000001dd78      0x21e ./Core/Src/main.o
 .debug_macro   0x000000000001df96       0x2e ./Core/Src/main.o
 .debug_macro   0x000000000001dfc4      0x11a ./Core/Src/main.o
 .debug_macro   0x000000000001e0de       0x7e ./Core/Src/main.o
 .debug_macro   0x000000000001e15c       0x89 ./Core/Src/main.o
 .debug_macro   0x000000000001e1e5      0x248 ./Core/Src/main.o
 .debug_macro   0x000000000001e42d       0xba ./Core/Src/main.o
 .debug_macro   0x000000000001e4e7      0x12d ./Core/Src/main.o
 .debug_macro   0x000000000001e614       0x52 ./Core/Src/main.o
 .debug_macro   0x000000000001e666       0x1e ./Core/Src/main.o
 .debug_macro   0x000000000001e684       0x3c ./Core/Src/main.o
 .debug_macro   0x000000000001e6c0       0x34 ./Core/Src/main.o
 .debug_macro   0x000000000001e6f4       0x16 ./Core/Src/main.o
 .debug_macro   0x000000000001e70a       0x35 ./Core/Src/main.o
 .debug_macro   0x000000000001e73f      0x341 ./Core/Src/main.o
 .debug_macro   0x000000000001ea80       0x10 ./Core/Src/main.o
 .debug_macro   0x000000000001ea90       0x16 ./Core/Src/main.o
 .debug_macro   0x000000000001eaa6       0x43 ./Core/Src/main.o
 .debug_macro   0x000000000001eae9       0x34 ./Core/Src/main.o
 .debug_macro   0x000000000001eb1d       0x10 ./Core/Src/main.o
 .debug_macro   0x000000000001eb2d       0x58 ./Core/Src/main.o
 .debug_macro   0x000000000001eb85       0x71 ./Core/Src/main.o
 .debug_macro   0x000000000001ebf6       0x1c ./Core/Src/main.o
 .debug_macro   0x000000000001ec12      0x12a ./Core/Src/main.o
 .debug_macro   0x000000000001ed3c       0x10 ./Core/Src/main.o
 .debug_macro   0x000000000001ed4c       0x1c ./Core/Src/main.o
 .debug_macro   0x000000000001ed68       0x52 ./Core/Src/main.o
 .debug_macro   0x000000000001edba       0x22 ./Core/Src/main.o
 .debug_macro   0x000000000001eddc       0x10 ./Core/Src/main.o
 .debug_macro   0x000000000001edec       0x52 ./Core/Src/main.o
 .debug_macro   0x000000000001ee3e       0xd5 ./Core/Src/main.o
 .debug_macro   0x000000000001ef13       0x1c ./Core/Src/main.o
 .debug_macro   0x000000000001ef2f       0x3d ./Core/Src/main.o
 .debug_macro   0x000000000001ef6c       0x16 ./Core/Src/main.o
 .debug_macro   0x000000000001ef82      0x145 ./Core/Src/main.o
 .debug_macro   0x000000000001f0c7       0x16 ./Core/Src/main.o
 .debug_macro   0x000000000001f0dd       0x16 ./Core/Src/main.o
 .debug_macro   0x000000000001f0f3       0x29 ./Core/Src/main.o
 .debug_macro   0x000000000001f11c       0x16 ./Core/Src/main.o
 .debug_macro   0x000000000001f132       0x20 ./Core/Src/main.o
 .debug_macro   0x000000000001f152       0x6b ./Core/Src/main.o
 .debug_macro   0x000000000001f1bd      0x20f ./Core/Src/main.o
 .debug_macro   0x000000000001f3cc       0x5f ./Core/Src/main.o
 .debug_macro   0x000000000001f42b      0x1de ./Core/Src/stm32f4xx_hal_msp.o
 .debug_macro   0x000000000001f609      0x1e8 ./Core/Src/stm32f4xx_it.o
 .debug_macro   0x000000000001f7f1      0x1d4 ./Core/Src/system_stm32f4xx.o
 .debug_macro   0x000000000001f9c5      0x234 ./Drivers/STM32F4xx_HAL_Driver/Src/stm32f4xx_hal.o
 .debug_macro   0x000000000001fbf9      0x1d4 ./Drivers/STM32F4xx_HAL_Driver/Src/stm32f4xx_hal_cortex.o
 .debug_macro   0x000000000001fdcd      0x1da ./Drivers/STM32F4xx_HAL_Driver/Src/stm32f4xx_hal_gpio.o
 .debug_macro   0x000000000001ffa7      0x1e0 ./Drivers/STM32F4xx_HAL_Driver/Src/stm32f4xx_hal_pcd.o
 .debug_macro   0x0000000000020187      0x1d4 ./Drivers/STM32F4xx_HAL_Driver/Src/stm32f4xx_hal_pcd_ex.o
 .debug_macro   0x000000000002035b      0x1f8 ./Drivers/STM32F4xx_HAL_Driver/Src/stm32f4xx_hal_rcc.o
 .debug_macro   0x0000000000020553      0x1d4 ./Drivers/STM32F4xx_HAL_Driver/Src/stm32f4xx_ll_usb.o
 .debug_macro   0x0000000000020727      0x3f4 ./Middlewares/ST/STM32_USB_Device_Library/Class/HID/Src/usbd_hid.o
 .debug_macro   0x0000000000020b1b       0x97 ./Middlewares/ST/STM32_USB_Device_Library/Class/HID/Src/usbd_hid.o
 .debug_macro   0x0000000000020bb2       0xfd ./Middlewares/ST/STM32_USB_Device_Library/Class/HID/Src/usbd_hid.o
 .debug_macro   0x0000000000020caf       0x56 ./Middlewares/ST/STM32_USB_Device_Library/Class/HID/Src/usbd_hid.o
 .debug_macro   0x0000000000020d05      0x3db ./Middlewares/ST/STM32_USB_Device_Library/Core/Src/usbd_core.o
 .debug_macro   0x00000000000210e0      0x215 ./Middlewares/ST/STM32_USB_Device_Library/Core/Src/usbd_core.o
 .debug_macro   0x00000000000212f5      0x3e5 ./Middlewares/ST/STM32_USB_Device_Library/Core/Src/usbd_ctlreq.o
 .debug_macro   0x00000000000216da      0x3e1 ./Middlewares/ST/STM32_USB_Device_Library/Core/Src/usbd_ioreq.o
 .debug_macro   0x0000000000021abb      0x411 ./USB_DEVICE/App/usb_device.o
 .debug_macro   0x0000000000021ecc       0x22 ./USB_DEVICE/App/usb_device.o
 .debug_macro   0x0000000000021eee      0x41e ./USB_DEVICE/App/usbd_desc.o
 .debug_macro   0x000000000002230c       0x1c ./USB_DEVICE/App/usbd_desc.o
 .debug_macro   0x0000000000022328      0x3fe ./USB_DEVICE/Target/usbd_conf.o

.debug_line     0x0000000000000000     0xdf22
 .debug_line    0x0000000000000000      0xabc ./Core/Src/main.o
 .debug_line    0x0000000000000abc      0x6ba ./Core/Src/stm32f4xx_hal_msp.o
 .debug_line    0x0000000000001176      0x794 ./Core/Src/stm32f4xx_it.o
 .debug_line    0x000000000000190a      0x73b ./Core/Src/system_stm32f4xx.o
 .debug_line    0x0000000000002045       0x88 ./Core/Startup/startup_stm32f407ighx.o
 .debug_line    0x00000000000020cd      0x9a1 ./Drivers/STM32F4xx_HAL_Driver/Src/stm32f4xx_hal.o
 .debug_line    0x0000000000002a6e      0xc50 ./Drivers/STM32F4xx_HAL_Driver/Src/stm32f4xx_hal_cortex.o
 .debug_line    0x00000000000036be      0xb15 ./Drivers/STM32F4xx_HAL_Driver/Src/stm32f4xx_hal_gpio.o
 .debug_line    0x00000000000041d3     0x1444 ./Drivers/STM32F4xx_HAL_Driver/Src/stm32f4xx_hal_pcd.o
 .debug_line    0x0000000000005617      0x784 ./Drivers/STM32F4xx_HAL_Driver/Src/stm32f4xx_hal_pcd_ex.o
 .debug_line    0x0000000000005d9b      0xd1b ./Drivers/STM32F4xx_HAL_Driver/Src/stm32f4xx_hal_rcc.o
 .debug_line    0x0000000000006ab6     0x1a5e ./Drivers/STM32F4xx_HAL_Driver/Src/stm32f4xx_ll_usb.o
 .debug_line    0x0000000000008514      0xc71 ./Middlewares/ST/STM32_USB_Device_Library/Class/HID/Src/usbd_hid.o
 .debug_line    0x0000000000009185      0xf46 ./Middlewares/ST/STM32_USB_Device_Library/Core/Src/usbd_core.o
 .debug_line    0x000000000000a0cb     0x1117 ./Middlewares/ST/STM32_USB_Device_Library/Core/Src/usbd_ctlreq.o
 .debug_line    0x000000000000b1e2      0xa5e ./Middlewares/ST/STM32_USB_Device_Library/Core/Src/usbd_ioreq.o
 .debug_line    0x000000000000bc40      0x9ff ./USB_DEVICE/App/usb_device.o
 .debug_line    0x000000000000c63f      0xae3 ./USB_DEVICE/App/usbd_desc.o
 .debug_line    0x000000000000d122      0xe00 ./USB_DEVICE/Target/usbd_conf.o

.debug_str      0x0000000000000000    0xc3b43
 .debug_str     0x0000000000000000    0xc0a37 ./Core/Src/main.o
                                      0xc0d88 (size before relaxing)
 .debug_str     0x00000000000c0a37       0x49 ./Core/Src/stm32f4xx_hal_msp.o
                                      0xbbca3 (size before relaxing)
 .debug_str     0x00000000000c0a80      0x46e ./Core/Src/stm32f4xx_it.o
                                      0xbc022 (size before relaxing)
 .debug_str     0x00000000000c0eee       0xdb ./Core/Src/system_stm32f4xx.o
                                      0xbbd36 (size before relaxing)
 .debug_str     0x00000000000c0fc9       0x36 ./Core/Startup/startup_stm32f407ighx.o
                                         0x7d (size before relaxing)
 .debug_str     0x00000000000c0fff      0xae0 ./Drivers/STM32F4xx_HAL_Driver/Src/stm32f4xx_hal.o
                                      0xbc8ba (size before relaxing)
 .debug_str     0x00000000000c1adf      0x359 ./Drivers/STM32F4xx_HAL_Driver/Src/stm32f4xx_hal_cortex.o
                                      0xbc5ed (size before relaxing)
 .debug_str     0x00000000000c1e38      0x1cd ./Drivers/STM32F4xx_HAL_Driver/Src/stm32f4xx_hal_gpio.o
                                      0xbbeb1 (size before relaxing)
 .debug_str     0x00000000000c2005      0x832 ./Drivers/STM32F4xx_HAL_Driver/Src/stm32f4xx_hal_pcd.o
                                      0xbc7f8 (size before relaxing)
 .debug_str     0x00000000000c2837      0x115 ./Drivers/STM32F4xx_HAL_Driver/Src/stm32f4xx_hal_pcd_ex.o
                                      0xbc0e7 (size before relaxing)
 .debug_str     0x00000000000c294c      0x22f ./Drivers/STM32F4xx_HAL_Driver/Src/stm32f4xx_hal_rcc.o
                                      0xbc16a (size before relaxing)
 .debug_str     0x00000000000c2b7b      0x441 ./Drivers/STM32F4xx_HAL_Driver/Src/stm32f4xx_ll_usb.o
                                      0xbc660 (size before relaxing)
 .debug_str     0x00000000000c2fbc      0x2ec ./Middlewares/ST/STM32_USB_Device_Library/Class/HID/Src/usbd_hid.o
                                      0xc0d3c (size before relaxing)
 .debug_str     0x00000000000c32a8      0x366 ./Middlewares/ST/STM32_USB_Device_Library/Core/Src/usbd_core.o
                                      0xc0cd4 (size before relaxing)
 .debug_str     0x00000000000c360e      0x139 ./Middlewares/ST/STM32_USB_Device_Library/Core/Src/usbd_ctlreq.o
                                      0xc0aff (size before relaxing)
 .debug_str     0x00000000000c3747       0x79 ./Middlewares/ST/STM32_USB_Device_Library/Core/Src/usbd_ioreq.o
                                      0xc09d4 (size before relaxing)
 .debug_str     0x00000000000c37c0       0xa2 ./USB_DEVICE/App/usb_device.o
                                      0xc0b49 (size before relaxing)
 .debug_str     0x00000000000c3862      0x26e ./USB_DEVICE/App/usbd_desc.o
                                      0xc08d4 (size before relaxing)
 .debug_str     0x00000000000c3ad0       0x73 ./USB_DEVICE/Target/usbd_conf.o
                                      0xc1a2e (size before relaxing)

.comment        0x0000000000000000       0x50
 .comment       0x0000000000000000       0x50 ./Core/Src/main.o
                                         0x51 (size before relaxing)
 .comment       0x0000000000000050       0x51 ./Core/Src/stm32f4xx_hal_msp.o
 .comment       0x0000000000000050       0x51 ./Core/Src/stm32f4xx_it.o
 .comment       0x0000000000000050       0x51 ./Core/Src/system_stm32f4xx.o
 .comment       0x0000000000000050       0x51 ./Drivers/STM32F4xx_HAL_Driver/Src/stm32f4xx_hal.o
 .comment       0x0000000000000050       0x51 ./Drivers/STM32F4xx_HAL_Driver/Src/stm32f4xx_hal_cortex.o
 .comment       0x0000000000000050       0x51 ./Drivers/STM32F4xx_HAL_Driver/Src/stm32f4xx_hal_gpio.o
 .comment       0x0000000000000050       0x51 ./Drivers/STM32F4xx_HAL_Driver/Src/stm32f4xx_hal_pcd.o
 .comment       0x0000000000000050       0x51 ./Drivers/STM32F4xx_HAL_Driver/Src/stm32f4xx_hal_pcd_ex.o
 .comment       0x0000000000000050       0x51 ./Drivers/STM32F4xx_HAL_Driver/Src/stm32f4xx_hal_rcc.o
 .comment       0x0000000000000050       0x51 ./Drivers/STM32F4xx_HAL_Driver/Src/stm32f4xx_ll_usb.o
 .comment       0x0000000000000050       0x51 ./Middlewares/ST/STM32_USB_Device_Library/Class/HID/Src/usbd_hid.o
 .comment       0x0000000000000050       0x51 ./Middlewares/ST/STM32_USB_Device_Library/Core/Src/usbd_core.o
 .comment       0x0000000000000050       0x51 ./Middlewares/ST/STM32_USB_Device_Library/Core/Src/usbd_ctlreq.o
 .comment       0x0000000000000050       0x51 ./Middlewares/ST/STM32_USB_Device_Library/Core/Src/usbd_ioreq.o
 .comment       0x0000000000000050       0x51 ./USB_DEVICE/App/usb_device.o
 .comment       0x0000000000000050       0x51 ./USB_DEVICE/App/usbd_desc.o
 .comment       0x0000000000000050       0x51 ./USB_DEVICE/Target/usbd_conf.o

.debug_frame    0x0000000000000000     0x2ac4
 .debug_frame   0x0000000000000000       0x90 ./Core/Src/main.o
 .debug_frame   0x0000000000000090       0x34 ./Core/Src/stm32f4xx_hal_msp.o
 .debug_frame   0x00000000000000c4      0x120 ./Core/Src/stm32f4xx_it.o
 .debug_frame   0x00000000000001e4       0x58 ./Core/Src/system_stm32f4xx.o
 .debug_frame   0x000000000000023c      0x374 ./Drivers/STM32F4xx_HAL_Driver/Src/stm32f4xx_hal.o
 .debug_frame   0x00000000000005b0      0x498 ./Drivers/STM32F4xx_HAL_Driver/Src/stm32f4xx_hal_cortex.o
 .debug_frame   0x0000000000000a48      0x14c ./Drivers/STM32F4xx_HAL_Driver/Src/stm32f4xx_hal_gpio.o
 .debug_frame   0x0000000000000b94      0x5bc ./Drivers/STM32F4xx_HAL_Driver/Src/stm32f4xx_hal_pcd.o
 .debug_frame   0x0000000000001150       0xb0 ./Drivers/STM32F4xx_HAL_Driver/Src/stm32f4xx_hal_pcd_ex.o
 .debug_frame   0x0000000000001200      0x1f4 ./Drivers/STM32F4xx_HAL_Driver/Src/stm32f4xx_hal_rcc.o
 .debug_frame   0x00000000000013f4      0x7c0 ./Drivers/STM32F4xx_HAL_Driver/Src/stm32f4xx_ll_usb.o
 .debug_frame   0x0000000000001bb4      0x184 ./Middlewares/ST/STM32_USB_Device_Library/Class/HID/Src/usbd_hid.o
 .debug_frame   0x0000000000001d38      0x390 ./Middlewares/ST/STM32_USB_Device_Library/Core/Src/usbd_core.o
 .debug_frame   0x00000000000020c8      0x23c ./Middlewares/ST/STM32_USB_Device_Library/Core/Src/usbd_ctlreq.o
 .debug_frame   0x0000000000002304      0x10c ./Middlewares/ST/STM32_USB_Device_Library/Core/Src/usbd_ioreq.o
 .debug_frame   0x0000000000002410       0x2c ./USB_DEVICE/App/usb_device.o
 .debug_frame   0x000000000000243c      0x160 ./USB_DEVICE/App/usbd_desc.o
 .debug_frame   0x000000000000259c      0x47c ./USB_DEVICE/Target/usbd_conf.o
 .debug_frame   0x0000000000002a18       0x2c c:/st/stm32cubeide_1.10.1/stm32cubeide/plugins/com.st.stm32cube.ide.mcu.externaltools.gnu-tools-for-stm32.10.3-2021.10.win32_1.0.0.202111181127/tools/bin/../lib/gcc/arm-none-eabi/10.3.1/../../../../arm-none-eabi/lib/thumb/v7e-m+fp/hard\libc_nano.a(lib_a-init.o)
 .debug_frame   0x0000000000002a44       0x20 c:/st/stm32cubeide_1.10.1/stm32cubeide/plugins/com.st.stm32cube.ide.mcu.externaltools.gnu-tools-for-stm32.10.3-2021.10.win32_1.0.0.202111181127/tools/bin/../lib/gcc/arm-none-eabi/10.3.1/../../../../arm-none-eabi/lib/thumb/v7e-m+fp/hard\libc_nano.a(lib_a-memset.o)
 .debug_frame   0x0000000000002a64       0x2c c:/st/stm32cubeide_1.10.1/stm32cubeide/plugins/com.st.stm32cube.ide.mcu.externaltools.gnu-tools-for-stm32.10.3-2021.10.win32_1.0.0.202111181127/tools/bin/../lib/gcc/arm-none-eabi/10.3.1/thumb/v7e-m+fp/hard\libgcc.a(_aeabi_uldivmod.o)
 .debug_frame   0x0000000000002a90       0x34 c:/st/stm32cubeide_1.10.1/stm32cubeide/plugins/com.st.stm32cube.ide.mcu.externaltools.gnu-tools-for-stm32.10.3-2021.10.win32_1.0.0.202111181127/tools/bin/../lib/gcc/arm-none-eabi/10.3.1/thumb/v7e-m+fp/hard\libgcc.a(_udivmoddi4.o)
